Archive member included to satisfy reference by file (symbol)

../LCD_DMA_controller_bsp//libhal_bsp.a(alt_irq_entry.o)
                              obj/default/LCD_DMA.o (alt_irq_entry)
../LCD_DMA_controller_bsp//libhal_bsp.a(alt_irq_handler.o)
                              obj/default/LCD_DMA.o (alt_irq_handler)
../LCD_DMA_controller_bsp//libhal_bsp.a(alt_irq_register.o)
                              obj/default/LCD_DMA.o (alt_irq_register)
../LCD_DMA_controller_bsp//libhal_bsp.a(alt_irq_vars.o)
                              ../LCD_DMA_controller_bsp//libhal_bsp.a(alt_irq_register.o) (alt_irq_active)
../LCD_DMA_controller_bsp//libhal_bsp.a(alt_load.o)
                              ../LCD_DMA_controller_bsp//obj/HAL/src/crt0.o (alt_load)
../LCD_DMA_controller_bsp//libhal_bsp.a(alt_main.o)
                              ../LCD_DMA_controller_bsp//obj/HAL/src/crt0.o (alt_main)
../LCD_DMA_controller_bsp//libhal_bsp.a(alt_sys_init.o)
                              ../LCD_DMA_controller_bsp//libhal_bsp.a(alt_main.o) (alt_irq_init)
../LCD_DMA_controller_bsp//libhal_bsp.a(altera_avalon_jtag_uart_fd.o)
                              ../LCD_DMA_controller_bsp//libhal_bsp.a(alt_sys_init.o) (altera_avalon_jtag_uart_read_fd)
../LCD_DMA_controller_bsp//libhal_bsp.a(altera_avalon_jtag_uart_init.o)
                              ../LCD_DMA_controller_bsp//libhal_bsp.a(alt_sys_init.o) (altera_avalon_jtag_uart_init)
../LCD_DMA_controller_bsp//libhal_bsp.a(altera_avalon_jtag_uart_ioctl.o)
                              ../LCD_DMA_controller_bsp//libhal_bsp.a(altera_avalon_jtag_uart_fd.o) (altera_avalon_jtag_uart_ioctl)
../LCD_DMA_controller_bsp//libhal_bsp.a(altera_avalon_jtag_uart_read.o)
                              ../LCD_DMA_controller_bsp//libhal_bsp.a(altera_avalon_jtag_uart_fd.o) (altera_avalon_jtag_uart_read)
../LCD_DMA_controller_bsp//libhal_bsp.a(altera_avalon_jtag_uart_write.o)
                              ../LCD_DMA_controller_bsp//libhal_bsp.a(altera_avalon_jtag_uart_fd.o) (altera_avalon_jtag_uart_write)
../LCD_DMA_controller_bsp//libhal_bsp.a(altera_avalon_timer_sc.o)
                              ../LCD_DMA_controller_bsp//libhal_bsp.a(alt_sys_init.o) (alt_avalon_timer_sc_init)
../LCD_DMA_controller_bsp//libhal_bsp.a(alt_alarm_start.o)
                              ../LCD_DMA_controller_bsp//libhal_bsp.a(altera_avalon_jtag_uart_init.o) (alt_alarm_start)
../LCD_DMA_controller_bsp//libhal_bsp.a(alt_close.o)
                              ../LCD_DMA_controller_bsp//libhal_bsp.a(alt_main.o) (close)
../LCD_DMA_controller_bsp//libhal_bsp.a(alt_dcache_flush_all.o)
                              ../LCD_DMA_controller_bsp//libhal_bsp.a(alt_load.o) (alt_dcache_flush_all)
../LCD_DMA_controller_bsp//libhal_bsp.a(alt_dev.o)
                              ../LCD_DMA_controller_bsp//libhal_bsp.a(alt_sys_init.o) (alt_dev_list)
../LCD_DMA_controller_bsp//libhal_bsp.a(alt_dev_llist_insert.o)
                              ../LCD_DMA_controller_bsp//libhal_bsp.a(alt_sys_init.o) (alt_dev_llist_insert)
../LCD_DMA_controller_bsp//libhal_bsp.a(alt_do_ctors.o)
                              ../LCD_DMA_controller_bsp//libhal_bsp.a(alt_main.o) (_do_ctors)
../LCD_DMA_controller_bsp//libhal_bsp.a(alt_do_dtors.o)
                              ../LCD_DMA_controller_bsp//libhal_bsp.a(alt_main.o) (_do_dtors)
../LCD_DMA_controller_bsp//libhal_bsp.a(alt_errno.o)
                              ../LCD_DMA_controller_bsp//libhal_bsp.a(alt_close.o) (alt_errno)
../LCD_DMA_controller_bsp//libhal_bsp.a(alt_exception_entry.o)
                              ../LCD_DMA_controller_bsp//libhal_bsp.a(alt_irq_entry.o) (alt_exception)
../LCD_DMA_controller_bsp//libhal_bsp.a(alt_icache_flush_all.o)
                              ../LCD_DMA_controller_bsp//libhal_bsp.a(alt_load.o) (alt_icache_flush_all)
../LCD_DMA_controller_bsp//libhal_bsp.a(alt_iic.o)
                              ../LCD_DMA_controller_bsp//libhal_bsp.a(altera_avalon_jtag_uart_init.o) (alt_ic_isr_register)
../LCD_DMA_controller_bsp//libhal_bsp.a(alt_iic_isr_register.o)
                              ../LCD_DMA_controller_bsp//libhal_bsp.a(alt_iic.o) (alt_iic_isr_register)
../LCD_DMA_controller_bsp//libhal_bsp.a(alt_instruction_exception_entry.o)
                              ../LCD_DMA_controller_bsp//libhal_bsp.a(alt_exception_entry.o) (alt_instruction_exception_entry)
../LCD_DMA_controller_bsp//libhal_bsp.a(alt_io_redirect.o)
                              ../LCD_DMA_controller_bsp//libhal_bsp.a(alt_main.o) (alt_io_redirect)
../LCD_DMA_controller_bsp//libhal_bsp.a(alt_open.o)
                              ../LCD_DMA_controller_bsp//libhal_bsp.a(alt_io_redirect.o) (open)
../LCD_DMA_controller_bsp//libhal_bsp.a(alt_release_fd.o)
                              ../LCD_DMA_controller_bsp//libhal_bsp.a(alt_close.o) (alt_release_fd)
../LCD_DMA_controller_bsp//libhal_bsp.a(alt_tick.o)
                              ../LCD_DMA_controller_bsp//libhal_bsp.a(altera_avalon_jtag_uart_init.o) (_alt_tick_rate)
../LCD_DMA_controller_bsp//libhal_bsp.a(altera_nios2_gen2_irq.o)
                              ../LCD_DMA_controller_bsp//libhal_bsp.a(alt_sys_init.o) (altera_nios2_gen2_irq_init)
../LCD_DMA_controller_bsp//libhal_bsp.a(alt_find_dev.o)
                              ../LCD_DMA_controller_bsp//libhal_bsp.a(alt_open.o) (alt_find_dev)
../LCD_DMA_controller_bsp//libhal_bsp.a(alt_find_file.o)
                              ../LCD_DMA_controller_bsp//libhal_bsp.a(alt_open.o) (alt_find_file)
../LCD_DMA_controller_bsp//libhal_bsp.a(alt_get_fd.o)
                              ../LCD_DMA_controller_bsp//libhal_bsp.a(alt_open.o) (alt_get_fd)
../LCD_DMA_controller_bsp//libhal_bsp.a(alt_icache_flush.o)
                              ../LCD_DMA_controller_bsp//libhal_bsp.a(alt_icache_flush_all.o) (alt_icache_flush)
/opt/intelFPGA_lite/18.1/nios2eds/bin/gnu/H-x86_64-pc-linux-gnu/bin/../lib/gcc/nios2-elf/5.3.0/../../../../../H-x86_64-pc-linux-gnu/nios2-elf/lib/libc.a(lib_a-atexit.o)
                              ../LCD_DMA_controller_bsp//libhal_bsp.a(alt_main.o) (atexit)
/opt/intelFPGA_lite/18.1/nios2eds/bin/gnu/H-x86_64-pc-linux-gnu/bin/../lib/gcc/nios2-elf/5.3.0/../../../../../H-x86_64-pc-linux-gnu/nios2-elf/lib/libc.a(lib_a-exit.o)
                              ../LCD_DMA_controller_bsp//libhal_bsp.a(alt_main.o) (exit)
/opt/intelFPGA_lite/18.1/nios2eds/bin/gnu/H-x86_64-pc-linux-gnu/bin/../lib/gcc/nios2-elf/5.3.0/../../../../../H-x86_64-pc-linux-gnu/nios2-elf/lib/libc.a(lib_a-impure.o)
                              /opt/intelFPGA_lite/18.1/nios2eds/bin/gnu/H-x86_64-pc-linux-gnu/bin/../lib/gcc/nios2-elf/5.3.0/../../../../../H-x86_64-pc-linux-gnu/nios2-elf/lib/libc.a(lib_a-exit.o) (_global_impure_ptr)
/opt/intelFPGA_lite/18.1/nios2eds/bin/gnu/H-x86_64-pc-linux-gnu/bin/../lib/gcc/nios2-elf/5.3.0/../../../../../H-x86_64-pc-linux-gnu/nios2-elf/lib/libc.a(lib_a-int_errno.o)
                              ../LCD_DMA_controller_bsp//libhal_bsp.a(alt_close.o) (errno)
/opt/intelFPGA_lite/18.1/nios2eds/bin/gnu/H-x86_64-pc-linux-gnu/bin/../lib/gcc/nios2-elf/5.3.0/../../../../../H-x86_64-pc-linux-gnu/nios2-elf/lib/libc.a(lib_a-memcmp.o)
                              ../LCD_DMA_controller_bsp//libhal_bsp.a(alt_find_dev.o) (memcmp)
/opt/intelFPGA_lite/18.1/nios2eds/bin/gnu/H-x86_64-pc-linux-gnu/bin/../lib/gcc/nios2-elf/5.3.0/../../../../../H-x86_64-pc-linux-gnu/nios2-elf/lib/libc.a(lib_a-memcpy.o)
                              ../LCD_DMA_controller_bsp//libhal_bsp.a(altera_avalon_jtag_uart_read.o) (memcpy)
/opt/intelFPGA_lite/18.1/nios2eds/bin/gnu/H-x86_64-pc-linux-gnu/bin/../lib/gcc/nios2-elf/5.3.0/../../../../../H-x86_64-pc-linux-gnu/nios2-elf/lib/libc.a(lib_a-strlen.o)
                              ../LCD_DMA_controller_bsp//libhal_bsp.a(alt_find_dev.o) (strlen)
/opt/intelFPGA_lite/18.1/nios2eds/bin/gnu/H-x86_64-pc-linux-gnu/bin/../lib/gcc/nios2-elf/5.3.0/../../../../../H-x86_64-pc-linux-gnu/nios2-elf/lib/libc.a(lib_a-__atexit.o)
                              /opt/intelFPGA_lite/18.1/nios2eds/bin/gnu/H-x86_64-pc-linux-gnu/bin/../lib/gcc/nios2-elf/5.3.0/../../../../../H-x86_64-pc-linux-gnu/nios2-elf/lib/libc.a(lib_a-atexit.o) (__register_exitproc)
/opt/intelFPGA_lite/18.1/nios2eds/bin/gnu/H-x86_64-pc-linux-gnu/bin/../lib/gcc/nios2-elf/5.3.0/../../../../../H-x86_64-pc-linux-gnu/nios2-elf/lib/libc.a(lib_a-__call_atexit.o)
                              /opt/intelFPGA_lite/18.1/nios2eds/bin/gnu/H-x86_64-pc-linux-gnu/bin/../lib/gcc/nios2-elf/5.3.0/../../../../../H-x86_64-pc-linux-gnu/nios2-elf/lib/libc.a(lib_a-exit.o) (__call_exitprocs)
../LCD_DMA_controller_bsp//libhal_bsp.a(alt_exit.o)
                              /opt/intelFPGA_lite/18.1/nios2eds/bin/gnu/H-x86_64-pc-linux-gnu/bin/../lib/gcc/nios2-elf/5.3.0/../../../../../H-x86_64-pc-linux-gnu/nios2-elf/lib/libc.a(lib_a-exit.o) (_exit)

Allocating common symbols
Common symbol       size              file

alt_irq             0x100             ../LCD_DMA_controller_bsp//libhal_bsp.a(alt_irq_handler.o)
errno               0x4               /opt/intelFPGA_lite/18.1/nios2eds/bin/gnu/H-x86_64-pc-linux-gnu/bin/../lib/gcc/nios2-elf/5.3.0/../../../../../H-x86_64-pc-linux-gnu/nios2-elf/lib/libc.a(lib_a-int_errno.o)
time_ms             0x4               obj/default/LCD_DMA.o

Memory Configuration

Name             Origin             Length             Attributes
reset            0x0000000001000000 0x0000000000000020
SDRAM_controller 0x0000000001000020 0x0000000000ffffe0
*default*        0x0000000000000000 0xffffffffffffffff

Linker script and memory map

LOAD ../LCD_DMA_controller_bsp//obj/HAL/src/crt0.o
LOAD obj/default/LCD_DMA.o
LOAD /opt/intelFPGA_lite/18.1/nios2eds/bin/gnu/H-x86_64-pc-linux-gnu/bin/../lib/gcc/nios2-elf/5.3.0/../../../../../H-x86_64-pc-linux-gnu/nios2-elf/lib/libstdc++.a
LOAD /opt/intelFPGA_lite/18.1/nios2eds/bin/gnu/H-x86_64-pc-linux-gnu/bin/../lib/gcc/nios2-elf/5.3.0/../../../../../H-x86_64-pc-linux-gnu/nios2-elf/lib/libm.a
LOAD /opt/intelFPGA_lite/18.1/nios2eds/bin/gnu/H-x86_64-pc-linux-gnu/bin/../lib/gcc/nios2-elf/5.3.0/libgcc.a
START GROUP
LOAD /opt/intelFPGA_lite/18.1/nios2eds/bin/gnu/H-x86_64-pc-linux-gnu/bin/../lib/gcc/nios2-elf/5.3.0/../../../../../H-x86_64-pc-linux-gnu/nios2-elf/lib/libc.a
LOAD /opt/intelFPGA_lite/18.1/nios2eds/bin/gnu/H-x86_64-pc-linux-gnu/bin/../lib/gcc/nios2-elf/5.3.0/libgcc.a
LOAD ../LCD_DMA_controller_bsp//libhal_bsp.a
LOAD /opt/intelFPGA_lite/18.1/nios2eds/bin/gnu/H-x86_64-pc-linux-gnu/bin/../lib/gcc/nios2-elf/5.3.0/../../../../../H-x86_64-pc-linux-gnu/nios2-elf/lib/libm.a
END GROUP
LOAD /opt/intelFPGA_lite/18.1/nios2eds/bin/gnu/H-x86_64-pc-linux-gnu/bin/../lib/gcc/nios2-elf/5.3.0/libgcc.a
                0x0000000001000000                __alt_mem_SDRAM_controller = 0x1000000

.entry          0x0000000001000000       0x20
 *(.entry)
 .entry         0x0000000001000000       0x20 ../LCD_DMA_controller_bsp//obj/HAL/src/crt0.o
                0x0000000001000000                __reset

.exceptions     0x0000000001000020      0x224
                0x0000000001000020                PROVIDE (__ram_exceptions_start, ABSOLUTE (.))
                0x0000000001000020                . = ALIGN (0x20)
 *(.irq)
 *(.exceptions.entry.label)
 .exceptions.entry.label
                0x0000000001000020        0x0 ../LCD_DMA_controller_bsp//libhal_bsp.a(alt_irq_entry.o)
                0x0000000001000020                alt_irq_entry
 .exceptions.entry.label
                0x0000000001000020        0x0 ../LCD_DMA_controller_bsp//libhal_bsp.a(alt_exception_entry.o)
                0x0000000001000020                alt_exception
 *(.exceptions.entry.user)
 *(.exceptions.entry.ecc_fatal)
 *(.exceptions.entry)
 .exceptions.entry
                0x0000000001000020       0x54 ../LCD_DMA_controller_bsp//libhal_bsp.a(alt_exception_entry.o)
 *(.exceptions.irqtest.user)
 *(.exceptions.irqtest)
 .exceptions.irqtest
                0x0000000001000074       0x10 ../LCD_DMA_controller_bsp//libhal_bsp.a(alt_irq_entry.o)
 *(.exceptions.irqhandler.user)
 *(.exceptions.irqhandler)
 .exceptions.irqhandler
                0x0000000001000084        0x4 ../LCD_DMA_controller_bsp//libhal_bsp.a(alt_irq_entry.o)
 *(.exceptions.irqreturn.user)
 *(.exceptions.irqreturn)
 .exceptions.irqreturn
                0x0000000001000088        0x4 ../LCD_DMA_controller_bsp//libhal_bsp.a(alt_irq_entry.o)
 *(.exceptions.notirq.label)
 .exceptions.notirq.label
                0x000000000100008c        0x0 ../LCD_DMA_controller_bsp//libhal_bsp.a(alt_irq_entry.o)
 *(.exceptions.notirq.user)
 *(.exceptions.notirq)
 .exceptions.notirq
                0x000000000100008c        0x8 ../LCD_DMA_controller_bsp//libhal_bsp.a(alt_exception_entry.o)
 *(.exceptions.soft.user)
 *(.exceptions.soft)
 *(.exceptions.unknown.user)
 *(.exceptions.unknown)
 .exceptions.unknown
                0x0000000001000094       0x14 ../LCD_DMA_controller_bsp//libhal_bsp.a(alt_exception_entry.o)
 *(.exceptions.exit.label)
 .exceptions.exit.label
                0x00000000010000a8        0x0 ../LCD_DMA_controller_bsp//libhal_bsp.a(alt_irq_entry.o)
 .exceptions.exit.label
                0x00000000010000a8        0x0 ../LCD_DMA_controller_bsp//libhal_bsp.a(alt_exception_entry.o)
 *(.exceptions.exit.user)
 *(.exceptions.exit)
 .exceptions.exit
                0x00000000010000a8       0x54 ../LCD_DMA_controller_bsp//libhal_bsp.a(alt_exception_entry.o)
 *(.exceptions)
 .exceptions    0x00000000010000fc       0xd4 ../LCD_DMA_controller_bsp//libhal_bsp.a(alt_irq_handler.o)
                0x00000000010000fc                alt_irq_handler
 .exceptions    0x00000000010001d0       0x74 ../LCD_DMA_controller_bsp//libhal_bsp.a(alt_instruction_exception_entry.o)
                0x00000000010001d0                alt_instruction_exception_entry
                0x0000000001000244                PROVIDE (__ram_exceptions_end, ABSOLUTE (.))
                0x0000000001000020                PROVIDE (__flash_exceptions_start, LOADADDR (.exceptions))

.text           0x0000000001000244     0x2ed8
                [!provide]                        PROVIDE (stext, ABSOLUTE (.))
 *(.interp)
 *(.hash)
 *(.dynsym)
 *(.dynstr)
 *(.gnu.version)
 *(.gnu.version_d)
 *(.gnu.version_r)
 *(.rel.init)
 *(.rela.init)
 *(.rel.text .rel.text.* .rel.gnu.linkonce.t.*)
 *(.rela.text .rela.text.* .rela.gnu.linkonce.t.*)
 *(.rel.fini)
 *(.rela.fini)
 *(.rel.rodata .rel.rodata.* .rel.gnu.linkonce.r.*)
 *(.rela.rodata .rela.rodata.* .rela.gnu.linkonce.r.*)
 *(.rel.data .rel.data.* .rel.gnu.linkonce.d.*)
 *(.rela.data .rela.data.* .rela.gnu.linkonce.d.*)
 *(.rel.tdata .rel.tdata.* .rel.gnu.linkonce.td.*)
 *(.rela.tdata .rela.tdata.* .rela.gnu.linkonce.td.*)
 *(.rel.tbss .rel.tbss.* .rel.gnu.linkonce.tb.*)
 *(.rela.tbss .rela.tbss.* .rela.gnu.linkonce.tb.*)
 *(.rel.ctors)
 *(.rela.ctors)
 *(.rel.dtors)
 *(.rela.dtors)
 *(.rel.got)
 *(.rela.got)
 *(.rel.sdata .rel.sdata.* .rel.gnu.linkonce.s.*)
 *(.rela.sdata .rela.sdata.* .rela.gnu.linkonce.s.*)
 *(.rel.sbss .rel.sbss.* .rel.gnu.linkonce.sb.*)
 *(.rela.sbss .rela.sbss.* .rela.gnu.linkonce.sb.*)
 *(.rel.sdata2 .rel.sdata2.* .rel.gnu.linkonce.s2.*)
 *(.rela.sdata2 .rela.sdata2.* .rela.gnu.linkonce.s2.*)
 *(.rel.sbss2 .rel.sbss2.* .rel.gnu.linkonce.sb2.*)
 *(.rela.sbss2 .rela.sbss2.* .rela.gnu.linkonce.sb2.*)
 *(.rel.bss .rel.bss.* .rel.gnu.linkonce.b.*)
 *(.rela.bss .rela.bss.* .rela.gnu.linkonce.b.*)
 *(.rel.plt)
 *(.rela.plt)
 *(.rel.dyn)
 *(.init)
 *(.plt)
 *(.text .stub .text.* .gnu.linkonce.t.*)
 .text          0x0000000001000244       0x4c ../LCD_DMA_controller_bsp//obj/HAL/src/crt0.o
                0x0000000001000244                _start
 .text          0x0000000001000290      0x9bc obj/default/LCD_DMA.o
                0x0000000001000290                timer_interrupt
                0x00000000010002d4                dma_interrupt
                0x000000000100031c                main
                0x0000000001000530                full_lcd_rgb
                0x00000000010005a4                full_lcd_color
                0x000000000100062c                init_LCD
                0x0000000001000884                LCD_Write_Command
                0x00000000010008b8                LCD_Write_Data
                0x00000000010008ec                LCD_write_Array
                0x0000000001000974                imgToArray
                0x0000000001000b34                reverseImgArraz
                0x0000000001000be8                startTimer
                0x0000000001000c1c                stopTimer
 .text          0x0000000001000c4c        0x0 ../LCD_DMA_controller_bsp//libhal_bsp.a(alt_irq_entry.o)
 .text          0x0000000001000c4c        0x0 ../LCD_DMA_controller_bsp//libhal_bsp.a(alt_irq_handler.o)
 .text          0x0000000001000c4c      0x180 ../LCD_DMA_controller_bsp//libhal_bsp.a(alt_irq_register.o)
                0x0000000001000c4c                alt_irq_register
 .text          0x0000000001000dcc        0x0 ../LCD_DMA_controller_bsp//libhal_bsp.a(alt_irq_vars.o)
 .text          0x0000000001000dcc       0xec ../LCD_DMA_controller_bsp//libhal_bsp.a(alt_load.o)
                0x0000000001000e34                alt_load
 .text          0x0000000001000eb8       0x7c ../LCD_DMA_controller_bsp//libhal_bsp.a(alt_main.o)
                0x0000000001000eb8                alt_main
 .text          0x0000000001000f34       0xd0 ../LCD_DMA_controller_bsp//libhal_bsp.a(alt_sys_init.o)
                0x0000000001000f68                alt_irq_init
                0x0000000001000fa0                alt_sys_init
 .text          0x0000000001001004      0x164 ../LCD_DMA_controller_bsp//libhal_bsp.a(altera_avalon_jtag_uart_fd.o)
                0x0000000001001004                altera_avalon_jtag_uart_read_fd
                0x0000000001001064                altera_avalon_jtag_uart_write_fd
                0x00000000010010c4                altera_avalon_jtag_uart_close_fd
                0x0000000001001114                altera_avalon_jtag_uart_ioctl_fd
 .text          0x0000000001001168      0x3d4 ../LCD_DMA_controller_bsp//libhal_bsp.a(altera_avalon_jtag_uart_init.o)
                0x0000000001001168                altera_avalon_jtag_uart_init
                0x00000000010014d4                altera_avalon_jtag_uart_close
 .text          0x000000000100153c       0xf0 ../LCD_DMA_controller_bsp//libhal_bsp.a(altera_avalon_jtag_uart_ioctl.o)
                0x000000000100153c                altera_avalon_jtag_uart_ioctl
 .text          0x000000000100162c      0x21c ../LCD_DMA_controller_bsp//libhal_bsp.a(altera_avalon_jtag_uart_read.o)
                0x000000000100162c                altera_avalon_jtag_uart_read
 .text          0x0000000001001848      0x224 ../LCD_DMA_controller_bsp//libhal_bsp.a(altera_avalon_jtag_uart_write.o)
                0x0000000001001848                altera_avalon_jtag_uart_write
 .text          0x0000000001001a6c       0xf4 ../LCD_DMA_controller_bsp//libhal_bsp.a(altera_avalon_timer_sc.o)
                0x0000000001001ae4                alt_avalon_timer_sc_init
 .text          0x0000000001001b60      0x12c ../LCD_DMA_controller_bsp//libhal_bsp.a(alt_alarm_start.o)
                0x0000000001001b60                alt_alarm_start
 .text          0x0000000001001c8c      0x10c ../LCD_DMA_controller_bsp//libhal_bsp.a(alt_close.o)
                0x0000000001001cc8                close
 .text          0x0000000001001d98       0x48 ../LCD_DMA_controller_bsp//libhal_bsp.a(alt_dcache_flush_all.o)
                0x0000000001001d98                alt_dcache_flush_all
 .text          0x0000000001001de0       0x2c ../LCD_DMA_controller_bsp//libhal_bsp.a(alt_dev.o)
 .text          0x0000000001001e0c       0xe0 ../LCD_DMA_controller_bsp//libhal_bsp.a(alt_dev_llist_insert.o)
                0x0000000001001e48                alt_dev_llist_insert
 .text          0x0000000001001eec       0x60 ../LCD_DMA_controller_bsp//libhal_bsp.a(alt_do_ctors.o)
                0x0000000001001eec                _do_ctors
 .text          0x0000000001001f4c       0x60 ../LCD_DMA_controller_bsp//libhal_bsp.a(alt_do_dtors.o)
                0x0000000001001f4c                _do_dtors
 .text          0x0000000001001fac        0x0 ../LCD_DMA_controller_bsp//libhal_bsp.a(alt_errno.o)
 .text          0x0000000001001fac        0x0 ../LCD_DMA_controller_bsp//libhal_bsp.a(alt_exception_entry.o)
 .text          0x0000000001001fac       0x34 ../LCD_DMA_controller_bsp//libhal_bsp.a(alt_icache_flush_all.o)
                0x0000000001001fac                alt_icache_flush_all
 .text          0x0000000001001fe0      0x1b0 ../LCD_DMA_controller_bsp//libhal_bsp.a(alt_iic.o)
                0x0000000001001fe0                alt_ic_isr_register
                0x0000000001002030                alt_ic_irq_enable
                0x00000000010020b8                alt_ic_irq_disable
                0x0000000001002144                alt_ic_irq_enabled
 .text          0x0000000001002190       0xf0 ../LCD_DMA_controller_bsp//libhal_bsp.a(alt_iic_isr_register.o)
                0x0000000001002190                alt_iic_isr_register
 .text          0x0000000001002280       0x9c ../LCD_DMA_controller_bsp//libhal_bsp.a(alt_instruction_exception_entry.o)
                0x0000000001002280                alt_exception_cause_generated_bad_addr
 .text          0x000000000100231c      0x140 ../LCD_DMA_controller_bsp//libhal_bsp.a(alt_io_redirect.o)
                0x00000000010023e0                alt_io_redirect
 .text          0x000000000100245c      0x254 ../LCD_DMA_controller_bsp//libhal_bsp.a(alt_open.o)
                0x000000000100255c                open
 .text          0x00000000010026b0       0x64 ../LCD_DMA_controller_bsp//libhal_bsp.a(alt_release_fd.o)
                0x00000000010026b0                alt_release_fd
 .text          0x0000000001002714      0x1a4 ../LCD_DMA_controller_bsp//libhal_bsp.a(alt_tick.o)
                0x0000000001002714                alt_alarm_stop
                0x00000000010027b0                alt_tick
 .text          0x00000000010028b8       0x24 ../LCD_DMA_controller_bsp//libhal_bsp.a(altera_nios2_gen2_irq.o)
                0x00000000010028b8                altera_nios2_gen2_irq_init
 .text          0x00000000010028dc       0x90 ../LCD_DMA_controller_bsp//libhal_bsp.a(alt_find_dev.o)
                0x00000000010028dc                alt_find_dev
 .text          0x000000000100296c      0x108 ../LCD_DMA_controller_bsp//libhal_bsp.a(alt_find_file.o)
                0x000000000100296c                alt_find_file
 .text          0x0000000001002a74       0xa4 ../LCD_DMA_controller_bsp//libhal_bsp.a(alt_get_fd.o)
                0x0000000001002a74                alt_get_fd
 .text          0x0000000001002b18       0x90 ../LCD_DMA_controller_bsp//libhal_bsp.a(alt_icache_flush.o)
                0x0000000001002b18                alt_icache_flush
 .text          0x0000000001002ba8        0x0 /opt/intelFPGA_lite/18.1/nios2eds/bin/gnu/H-x86_64-pc-linux-gnu/bin/../lib/gcc/nios2-elf/5.3.0/../../../../../H-x86_64-pc-linux-gnu/nios2-elf/lib/libc.a(lib_a-atexit.o)
 .text.atexit   0x0000000001002ba8       0x14 /opt/intelFPGA_lite/18.1/nios2eds/bin/gnu/H-x86_64-pc-linux-gnu/bin/../lib/gcc/nios2-elf/5.3.0/../../../../../H-x86_64-pc-linux-gnu/nios2-elf/lib/libc.a(lib_a-atexit.o)
                0x0000000001002ba8                atexit
 .text          0x0000000001002bbc        0x0 /opt/intelFPGA_lite/18.1/nios2eds/bin/gnu/H-x86_64-pc-linux-gnu/bin/../lib/gcc/nios2-elf/5.3.0/../../../../../H-x86_64-pc-linux-gnu/nios2-elf/lib/libc.a(lib_a-exit.o)
 .text.exit     0x0000000001002bbc       0x38 /opt/intelFPGA_lite/18.1/nios2eds/bin/gnu/H-x86_64-pc-linux-gnu/bin/../lib/gcc/nios2-elf/5.3.0/../../../../../H-x86_64-pc-linux-gnu/nios2-elf/lib/libc.a(lib_a-exit.o)
                0x0000000001002bbc                exit
 .text          0x0000000001002bf4        0x0 /opt/intelFPGA_lite/18.1/nios2eds/bin/gnu/H-x86_64-pc-linux-gnu/bin/../lib/gcc/nios2-elf/5.3.0/../../../../../H-x86_64-pc-linux-gnu/nios2-elf/lib/libc.a(lib_a-impure.o)
 .text          0x0000000001002bf4        0x0 /opt/intelFPGA_lite/18.1/nios2eds/bin/gnu/H-x86_64-pc-linux-gnu/bin/../lib/gcc/nios2-elf/5.3.0/../../../../../H-x86_64-pc-linux-gnu/nios2-elf/lib/libc.a(lib_a-int_errno.o)
 .text          0x0000000001002bf4        0x0 /opt/intelFPGA_lite/18.1/nios2eds/bin/gnu/H-x86_64-pc-linux-gnu/bin/../lib/gcc/nios2-elf/5.3.0/../../../../../H-x86_64-pc-linux-gnu/nios2-elf/lib/libc.a(lib_a-memcmp.o)
 .text.memcmp   0x0000000001002bf4       0x7c /opt/intelFPGA_lite/18.1/nios2eds/bin/gnu/H-x86_64-pc-linux-gnu/bin/../lib/gcc/nios2-elf/5.3.0/../../../../../H-x86_64-pc-linux-gnu/nios2-elf/lib/libc.a(lib_a-memcmp.o)
                0x0000000001002bf4                memcmp
 .text          0x0000000001002c70        0x0 /opt/intelFPGA_lite/18.1/nios2eds/bin/gnu/H-x86_64-pc-linux-gnu/bin/../lib/gcc/nios2-elf/5.3.0/../../../../../H-x86_64-pc-linux-gnu/nios2-elf/lib/libc.a(lib_a-memcpy.o)
 .text.memcpy   0x0000000001002c70      0x148 /opt/intelFPGA_lite/18.1/nios2eds/bin/gnu/H-x86_64-pc-linux-gnu/bin/../lib/gcc/nios2-elf/5.3.0/../../../../../H-x86_64-pc-linux-gnu/nios2-elf/lib/libc.a(lib_a-memcpy.o)
                0x0000000001002c70                memcpy
 .text          0x0000000001002db8        0x0 /opt/intelFPGA_lite/18.1/nios2eds/bin/gnu/H-x86_64-pc-linux-gnu/bin/../lib/gcc/nios2-elf/5.3.0/../../../../../H-x86_64-pc-linux-gnu/nios2-elf/lib/libc.a(lib_a-strlen.o)
 .text.strlen   0x0000000001002db8       0x98 /opt/intelFPGA_lite/18.1/nios2eds/bin/gnu/H-x86_64-pc-linux-gnu/bin/../lib/gcc/nios2-elf/5.3.0/../../../../../H-x86_64-pc-linux-gnu/nios2-elf/lib/libc.a(lib_a-strlen.o)
                0x0000000001002db8                strlen
 .text          0x0000000001002e50        0x0 /opt/intelFPGA_lite/18.1/nios2eds/bin/gnu/H-x86_64-pc-linux-gnu/bin/../lib/gcc/nios2-elf/5.3.0/../../../../../H-x86_64-pc-linux-gnu/nios2-elf/lib/libc.a(lib_a-__atexit.o)
 .text.__register_exitproc
                0x0000000001002e50      0x118 /opt/intelFPGA_lite/18.1/nios2eds/bin/gnu/H-x86_64-pc-linux-gnu/bin/../lib/gcc/nios2-elf/5.3.0/../../../../../H-x86_64-pc-linux-gnu/nios2-elf/lib/libc.a(lib_a-__atexit.o)
                0x0000000001002e50                __register_exitproc
 .text          0x0000000001002f68        0x0 /opt/intelFPGA_lite/18.1/nios2eds/bin/gnu/H-x86_64-pc-linux-gnu/bin/../lib/gcc/nios2-elf/5.3.0/../../../../../H-x86_64-pc-linux-gnu/nios2-elf/lib/libc.a(lib_a-__call_atexit.o)
 .text.__call_exitprocs
                0x0000000001002f68      0x180 /opt/intelFPGA_lite/18.1/nios2eds/bin/gnu/H-x86_64-pc-linux-gnu/bin/../lib/gcc/nios2-elf/5.3.0/../../../../../H-x86_64-pc-linux-gnu/nios2-elf/lib/libc.a(lib_a-__call_atexit.o)
                0x0000000001002f68                __call_exitprocs
 .text          0x00000000010030e8       0x34 ../LCD_DMA_controller_bsp//libhal_bsp.a(alt_exit.o)
                0x00000000010030e8                _exit
 *(.gnu.warning.*)
 *(.fini)
                [!provide]                        PROVIDE (__etext, ABSOLUTE (.))
                [!provide]                        PROVIDE (_etext, ABSOLUTE (.))
                [!provide]                        PROVIDE (etext, ABSOLUTE (.))
 *(.eh_frame_hdr)
                0x000000000100311c                . = ALIGN (0x4)
                [!provide]                        PROVIDE (__preinit_array_start, ABSOLUTE (.))
 *(.preinit_array)
                [!provide]                        PROVIDE (__preinit_array_end, ABSOLUTE (.))
                [!provide]                        PROVIDE (__init_array_start, ABSOLUTE (.))
 *(.init_array)
                [!provide]                        PROVIDE (__init_array_end, ABSOLUTE (.))
                [!provide]                        PROVIDE (__fini_array_start, ABSOLUTE (.))
 *(.fini_array)
                [!provide]                        PROVIDE (__fini_array_end, ABSOLUTE (.))
 *(.eh_frame)
 *(.gcc_except_table .gcc_except_table.*)
 *(.dynamic)
                0x000000000100311c                PROVIDE (__CTOR_LIST__, ABSOLUTE (.))
 *(.ctors)
 *(SORT(.ctors.*))
                0x000000000100311c                PROVIDE (__CTOR_END__, ABSOLUTE (.))
                0x000000000100311c                PROVIDE (__DTOR_LIST__, ABSOLUTE (.))
 *(.dtors)
 *(SORT(.dtors.*))
                0x000000000100311c                PROVIDE (__DTOR_END__, ABSOLUTE (.))
 *(.jcr)
                0x000000000100311c                . = ALIGN (0x4)

.rodata         0x000000000100311c    0x4b034
                0x000000000100311c                PROVIDE (__ram_rodata_start, ABSOLUTE (.))
                0x000000000100311c                . = ALIGN (0x4)
 *(.rodata .rodata.* .gnu.linkonce.r.*)
 .rodata        0x000000000100311c    0x4b001 obj/default/LCD_DMA.o
 *fill*         0x000000000104e11d        0x3 
 .rodata        0x000000000104e120        0xf ../LCD_DMA_controller_bsp//libhal_bsp.a(alt_main.o)
 *fill*         0x000000000104e12f        0x1 
 .rodata        0x000000000104e130        0xf ../LCD_DMA_controller_bsp//libhal_bsp.a(alt_sys_init.o)
 *fill*         0x000000000104e13f        0x1 
 .rodata        0x000000000104e140        0xa ../LCD_DMA_controller_bsp//libhal_bsp.a(alt_dev.o)
 *fill*         0x000000000104e14a        0x2 
 .rodata.str1.4
                0x000000000104e14c        0x4 /opt/intelFPGA_lite/18.1/nios2eds/bin/gnu/H-x86_64-pc-linux-gnu/bin/../lib/gcc/nios2-elf/5.3.0/../../../../../H-x86_64-pc-linux-gnu/nios2-elf/lib/libc.a(lib_a-impure.o)
                                          0x2 (size before relaxing)
 *(.rodata1)
                0x000000000104e150                . = ALIGN (0x4)
                0x000000000104e150                PROVIDE (__ram_rodata_end, ABSOLUTE (.))
                0x000000000100311c                PROVIDE (__flash_rodata_start, LOADADDR (.rodata))

.rwdata         0x000000000104e150     0x165c load address 0x000000000104f7ac
                0x000000000104e150                PROVIDE (__ram_rwdata_start, ABSOLUTE (.))
                0x000000000104e150                . = ALIGN (0x4)
 *(.got.plt)
 *(.got)
 *(.data1)
 *(.data .data.* .gnu.linkonce.d.*)
 .data          0x000000000104e150        0x0 ../LCD_DMA_controller_bsp//obj/HAL/src/crt0.o
 .data          0x000000000104e150        0x0 obj/default/LCD_DMA.o
 .data          0x000000000104e150        0x0 ../LCD_DMA_controller_bsp//libhal_bsp.a(alt_irq_entry.o)
 .data          0x000000000104e150        0x0 ../LCD_DMA_controller_bsp//libhal_bsp.a(alt_irq_handler.o)
 .data          0x000000000104e150        0x0 ../LCD_DMA_controller_bsp//libhal_bsp.a(alt_irq_register.o)
 .data          0x000000000104e150        0x0 ../LCD_DMA_controller_bsp//libhal_bsp.a(alt_irq_vars.o)
 .data          0x000000000104e150        0x0 ../LCD_DMA_controller_bsp//libhal_bsp.a(alt_load.o)
 .data          0x000000000104e150        0x0 ../LCD_DMA_controller_bsp//libhal_bsp.a(alt_main.o)
 .data          0x000000000104e150     0x1060 ../LCD_DMA_controller_bsp//libhal_bsp.a(alt_sys_init.o)
 .data          0x000000000104f1b0        0x0 ../LCD_DMA_controller_bsp//libhal_bsp.a(altera_avalon_jtag_uart_fd.o)
 .data          0x000000000104f1b0        0x0 ../LCD_DMA_controller_bsp//libhal_bsp.a(altera_avalon_jtag_uart_init.o)
 .data          0x000000000104f1b0        0x0 ../LCD_DMA_controller_bsp//libhal_bsp.a(altera_avalon_jtag_uart_ioctl.o)
 .data          0x000000000104f1b0        0x0 ../LCD_DMA_controller_bsp//libhal_bsp.a(altera_avalon_jtag_uart_read.o)
 .data          0x000000000104f1b0        0x0 ../LCD_DMA_controller_bsp//libhal_bsp.a(altera_avalon_jtag_uart_write.o)
 .data          0x000000000104f1b0        0x0 ../LCD_DMA_controller_bsp//libhal_bsp.a(altera_avalon_timer_sc.o)
 .data          0x000000000104f1b0        0x0 ../LCD_DMA_controller_bsp//libhal_bsp.a(alt_alarm_start.o)
 .data          0x000000000104f1b0        0x0 ../LCD_DMA_controller_bsp//libhal_bsp.a(alt_close.o)
 .data          0x000000000104f1b0        0x0 ../LCD_DMA_controller_bsp//libhal_bsp.a(alt_dcache_flush_all.o)
 .data          0x000000000104f1b0      0x1a8 ../LCD_DMA_controller_bsp//libhal_bsp.a(alt_dev.o)
                0x000000000104f1b0                alt_dev_null
                0x000000000104f1d8                alt_fd_list
 .data          0x000000000104f358        0x0 ../LCD_DMA_controller_bsp//libhal_bsp.a(alt_dev_llist_insert.o)
 .data          0x000000000104f358        0x0 ../LCD_DMA_controller_bsp//libhal_bsp.a(alt_do_ctors.o)
 .data          0x000000000104f358        0x0 ../LCD_DMA_controller_bsp//libhal_bsp.a(alt_do_dtors.o)
 .data          0x000000000104f358        0x0 ../LCD_DMA_controller_bsp//libhal_bsp.a(alt_errno.o)
 .data          0x000000000104f358        0x0 ../LCD_DMA_controller_bsp//libhal_bsp.a(alt_exception_entry.o)
 .data          0x000000000104f358        0x0 ../LCD_DMA_controller_bsp//libhal_bsp.a(alt_icache_flush_all.o)
 .data          0x000000000104f358        0x0 ../LCD_DMA_controller_bsp//libhal_bsp.a(alt_iic.o)
 .data          0x000000000104f358        0x0 ../LCD_DMA_controller_bsp//libhal_bsp.a(alt_iic_isr_register.o)
 .data          0x000000000104f358        0x0 ../LCD_DMA_controller_bsp//libhal_bsp.a(alt_instruction_exception_entry.o)
 .data          0x000000000104f358        0x0 ../LCD_DMA_controller_bsp//libhal_bsp.a(alt_io_redirect.o)
 .data          0x000000000104f358        0x0 ../LCD_DMA_controller_bsp//libhal_bsp.a(alt_open.o)
 .data          0x000000000104f358        0x0 ../LCD_DMA_controller_bsp//libhal_bsp.a(alt_release_fd.o)
 .data          0x000000000104f358        0x0 ../LCD_DMA_controller_bsp//libhal_bsp.a(alt_tick.o)
 .data          0x000000000104f358        0x0 ../LCD_DMA_controller_bsp//libhal_bsp.a(altera_nios2_gen2_irq.o)
 .data          0x000000000104f358        0x0 ../LCD_DMA_controller_bsp//libhal_bsp.a(alt_find_dev.o)
 .data          0x000000000104f358        0x0 ../LCD_DMA_controller_bsp//libhal_bsp.a(alt_find_file.o)
 .data          0x000000000104f358        0x0 ../LCD_DMA_controller_bsp//libhal_bsp.a(alt_get_fd.o)
 .data          0x000000000104f358        0x0 ../LCD_DMA_controller_bsp//libhal_bsp.a(alt_icache_flush.o)
 .data          0x000000000104f358        0x0 /opt/intelFPGA_lite/18.1/nios2eds/bin/gnu/H-x86_64-pc-linux-gnu/bin/../lib/gcc/nios2-elf/5.3.0/../../../../../H-x86_64-pc-linux-gnu/nios2-elf/lib/libc.a(lib_a-atexit.o)
 .data          0x000000000104f358        0x0 /opt/intelFPGA_lite/18.1/nios2eds/bin/gnu/H-x86_64-pc-linux-gnu/bin/../lib/gcc/nios2-elf/5.3.0/../../../../../H-x86_64-pc-linux-gnu/nios2-elf/lib/libc.a(lib_a-exit.o)
 .data          0x000000000104f358        0x0 /opt/intelFPGA_lite/18.1/nios2eds/bin/gnu/H-x86_64-pc-linux-gnu/bin/../lib/gcc/nios2-elf/5.3.0/../../../../../H-x86_64-pc-linux-gnu/nios2-elf/lib/libc.a(lib_a-impure.o)
 .data.impure_data
                0x000000000104f358      0x424 /opt/intelFPGA_lite/18.1/nios2eds/bin/gnu/H-x86_64-pc-linux-gnu/bin/../lib/gcc/nios2-elf/5.3.0/../../../../../H-x86_64-pc-linux-gnu/nios2-elf/lib/libc.a(lib_a-impure.o)
 .data          0x000000000104f77c        0x0 /opt/intelFPGA_lite/18.1/nios2eds/bin/gnu/H-x86_64-pc-linux-gnu/bin/../lib/gcc/nios2-elf/5.3.0/../../../../../H-x86_64-pc-linux-gnu/nios2-elf/lib/libc.a(lib_a-int_errno.o)
 .data          0x000000000104f77c        0x0 /opt/intelFPGA_lite/18.1/nios2eds/bin/gnu/H-x86_64-pc-linux-gnu/bin/../lib/gcc/nios2-elf/5.3.0/../../../../../H-x86_64-pc-linux-gnu/nios2-elf/lib/libc.a(lib_a-memcmp.o)
 .data          0x000000000104f77c        0x0 /opt/intelFPGA_lite/18.1/nios2eds/bin/gnu/H-x86_64-pc-linux-gnu/bin/../lib/gcc/nios2-elf/5.3.0/../../../../../H-x86_64-pc-linux-gnu/nios2-elf/lib/libc.a(lib_a-memcpy.o)
 .data          0x000000000104f77c        0x0 /opt/intelFPGA_lite/18.1/nios2eds/bin/gnu/H-x86_64-pc-linux-gnu/bin/../lib/gcc/nios2-elf/5.3.0/../../../../../H-x86_64-pc-linux-gnu/nios2-elf/lib/libc.a(lib_a-strlen.o)
 .data          0x000000000104f77c        0x0 /opt/intelFPGA_lite/18.1/nios2eds/bin/gnu/H-x86_64-pc-linux-gnu/bin/../lib/gcc/nios2-elf/5.3.0/../../../../../H-x86_64-pc-linux-gnu/nios2-elf/lib/libc.a(lib_a-__atexit.o)
 .data          0x000000000104f77c        0x0 /opt/intelFPGA_lite/18.1/nios2eds/bin/gnu/H-x86_64-pc-linux-gnu/bin/../lib/gcc/nios2-elf/5.3.0/../../../../../H-x86_64-pc-linux-gnu/nios2-elf/lib/libc.a(lib_a-__call_atexit.o)
 .data          0x000000000104f77c        0x0 ../LCD_DMA_controller_bsp//libhal_bsp.a(alt_exit.o)
                0x000000000105777c                _gp = ABSOLUTE ((. + 0x8000))
                [!provide]                        PROVIDE (gp, _gp)
 *(.rwdata .rwdata.*)
 *(.sdata .sdata.* .gnu.linkonce.s.*)
 .sdata         0x000000000104f77c        0x4 obj/default/LCD_DMA.o
 .sdata         0x000000000104f780        0x4 ../LCD_DMA_controller_bsp//libhal_bsp.a(alt_irq_vars.o)
                0x000000000104f780                alt_priority_mask
 .sdata         0x000000000104f784       0x14 ../LCD_DMA_controller_bsp//libhal_bsp.a(alt_dev.o)
                0x000000000104f784                alt_fs_list
                0x000000000104f78c                alt_dev_list
                0x000000000104f794                alt_max_fd
 .sdata         0x000000000104f798        0x4 ../LCD_DMA_controller_bsp//libhal_bsp.a(alt_errno.o)
                0x000000000104f798                alt_errno
 .sdata         0x000000000104f79c        0x8 ../LCD_DMA_controller_bsp//libhal_bsp.a(alt_tick.o)
                0x000000000104f79c                alt_alarm_list
 .sdata._global_impure_ptr
                0x000000000104f7a4        0x4 /opt/intelFPGA_lite/18.1/nios2eds/bin/gnu/H-x86_64-pc-linux-gnu/bin/../lib/gcc/nios2-elf/5.3.0/../../../../../H-x86_64-pc-linux-gnu/nios2-elf/lib/libc.a(lib_a-impure.o)
                0x000000000104f7a4                _global_impure_ptr
 .sdata._impure_ptr
                0x000000000104f7a8        0x4 /opt/intelFPGA_lite/18.1/nios2eds/bin/gnu/H-x86_64-pc-linux-gnu/bin/../lib/gcc/nios2-elf/5.3.0/../../../../../H-x86_64-pc-linux-gnu/nios2-elf/lib/libc.a(lib_a-impure.o)
                0x000000000104f7a8                _impure_ptr
 *(.sdata2 .sdata2.* .gnu.linkonce.s2.*)
                0x000000000104f7ac                . = ALIGN (0x4)
                0x000000000104f7ac                _edata = ABSOLUTE (.)
                [!provide]                        PROVIDE (edata, ABSOLUTE (.))
                0x000000000104f7ac                PROVIDE (__ram_rwdata_end, ABSOLUTE (.))
                0x000000000104f7ac                PROVIDE (__flash_rwdata_start, LOADADDR (.rwdata))

.bss            0x0000000001050e08      0x128
                0x0000000001050e08                __bss_start = ABSOLUTE (.)
                [!provide]                        PROVIDE (__sbss_start, ABSOLUTE (.))
                [!provide]                        PROVIDE (___sbss_start, ABSOLUTE (.))
 *(.dynsbss)
 *(.sbss .sbss.* .gnu.linkonce.sb.*)
 .sbss          0x0000000001050e08        0x4 obj/default/LCD_DMA.o
                0x0000000001050e08                counter
 .sbss          0x0000000001050e0c        0x4 obj/default/LCD_DMA.o
                0x0000000001050e0c                time_ms
 .sbss          0x0000000001050e10        0x4 ../LCD_DMA_controller_bsp//libhal_bsp.a(alt_irq_vars.o)
                0x0000000001050e10                alt_irq_active
 .sbss          0x0000000001050e14        0xc ../LCD_DMA_controller_bsp//libhal_bsp.a(alt_main.o)
                0x0000000001050e14                alt_argc
                0x0000000001050e18                alt_argv
                0x0000000001050e1c                alt_envp
 .sbss          0x0000000001050e20        0x4 ../LCD_DMA_controller_bsp//libhal_bsp.a(alt_instruction_exception_entry.o)
                0x0000000001050e20                alt_instruction_exception_handler
 .sbss          0x0000000001050e24        0x8 ../LCD_DMA_controller_bsp//libhal_bsp.a(alt_tick.o)
                0x0000000001050e24                _alt_tick_rate
                0x0000000001050e28                _alt_nticks
 .sbss          0x0000000001050e2c        0x4 /opt/intelFPGA_lite/18.1/nios2eds/bin/gnu/H-x86_64-pc-linux-gnu/bin/../lib/gcc/nios2-elf/5.3.0/../../../../../H-x86_64-pc-linux-gnu/nios2-elf/lib/libc.a(lib_a-int_errno.o)
                0x0000000001050e2c                errno
 *(.sbss2 .sbss2.* .gnu.linkonce.sb2.*)
 *(.scommon)
                [!provide]                        PROVIDE (__sbss_end, ABSOLUTE (.))
                [!provide]                        PROVIDE (___sbss_end, ABSOLUTE (.))
 *(.dynbss)
 *(.bss .bss.* .gnu.linkonce.b.*)
 .bss           0x0000000001050e30        0x0 ../LCD_DMA_controller_bsp//obj/HAL/src/crt0.o
 .bss           0x0000000001050e30        0x0 obj/default/LCD_DMA.o
 .bss           0x0000000001050e30        0x0 ../LCD_DMA_controller_bsp//libhal_bsp.a(alt_irq_entry.o)
 .bss           0x0000000001050e30        0x0 ../LCD_DMA_controller_bsp//libhal_bsp.a(alt_irq_handler.o)
 .bss           0x0000000001050e30        0x0 ../LCD_DMA_controller_bsp//libhal_bsp.a(alt_irq_register.o)
 .bss           0x0000000001050e30        0x0 ../LCD_DMA_controller_bsp//libhal_bsp.a(alt_irq_vars.o)
 .bss           0x0000000001050e30        0x0 ../LCD_DMA_controller_bsp//libhal_bsp.a(alt_load.o)
 .bss           0x0000000001050e30        0x0 ../LCD_DMA_controller_bsp//libhal_bsp.a(alt_main.o)
 .bss           0x0000000001050e30        0x0 ../LCD_DMA_controller_bsp//libhal_bsp.a(alt_sys_init.o)
 .bss           0x0000000001050e30        0x0 ../LCD_DMA_controller_bsp//libhal_bsp.a(altera_avalon_jtag_uart_fd.o)
 .bss           0x0000000001050e30        0x0 ../LCD_DMA_controller_bsp//libhal_bsp.a(altera_avalon_jtag_uart_init.o)
 .bss           0x0000000001050e30        0x0 ../LCD_DMA_controller_bsp//libhal_bsp.a(altera_avalon_jtag_uart_ioctl.o)
 .bss           0x0000000001050e30        0x0 ../LCD_DMA_controller_bsp//libhal_bsp.a(altera_avalon_jtag_uart_read.o)
 .bss           0x0000000001050e30        0x0 ../LCD_DMA_controller_bsp//libhal_bsp.a(altera_avalon_jtag_uart_write.o)
 .bss           0x0000000001050e30        0x0 ../LCD_DMA_controller_bsp//libhal_bsp.a(altera_avalon_timer_sc.o)
 .bss           0x0000000001050e30        0x0 ../LCD_DMA_controller_bsp//libhal_bsp.a(alt_alarm_start.o)
 .bss           0x0000000001050e30        0x0 ../LCD_DMA_controller_bsp//libhal_bsp.a(alt_close.o)
 .bss           0x0000000001050e30        0x0 ../LCD_DMA_controller_bsp//libhal_bsp.a(alt_dcache_flush_all.o)
 .bss           0x0000000001050e30        0x0 ../LCD_DMA_controller_bsp//libhal_bsp.a(alt_dev.o)
 .bss           0x0000000001050e30        0x0 ../LCD_DMA_controller_bsp//libhal_bsp.a(alt_dev_llist_insert.o)
 .bss           0x0000000001050e30        0x0 ../LCD_DMA_controller_bsp//libhal_bsp.a(alt_do_ctors.o)
 .bss           0x0000000001050e30        0x0 ../LCD_DMA_controller_bsp//libhal_bsp.a(alt_do_dtors.o)
 .bss           0x0000000001050e30        0x0 ../LCD_DMA_controller_bsp//libhal_bsp.a(alt_errno.o)
 .bss           0x0000000001050e30        0x0 ../LCD_DMA_controller_bsp//libhal_bsp.a(alt_exception_entry.o)
 .bss           0x0000000001050e30        0x0 ../LCD_DMA_controller_bsp//libhal_bsp.a(alt_icache_flush_all.o)
 .bss           0x0000000001050e30        0x0 ../LCD_DMA_controller_bsp//libhal_bsp.a(alt_iic.o)
 .bss           0x0000000001050e30        0x0 ../LCD_DMA_controller_bsp//libhal_bsp.a(alt_iic_isr_register.o)
 .bss           0x0000000001050e30        0x0 ../LCD_DMA_controller_bsp//libhal_bsp.a(alt_instruction_exception_entry.o)
 .bss           0x0000000001050e30        0x0 ../LCD_DMA_controller_bsp//libhal_bsp.a(alt_io_redirect.o)
 .bss           0x0000000001050e30        0x0 ../LCD_DMA_controller_bsp//libhal_bsp.a(alt_open.o)
 .bss           0x0000000001050e30        0x0 ../LCD_DMA_controller_bsp//libhal_bsp.a(alt_release_fd.o)
 .bss           0x0000000001050e30        0x0 ../LCD_DMA_controller_bsp//libhal_bsp.a(alt_tick.o)
 .bss           0x0000000001050e30        0x0 ../LCD_DMA_controller_bsp//libhal_bsp.a(altera_nios2_gen2_irq.o)
 .bss           0x0000000001050e30        0x0 ../LCD_DMA_controller_bsp//libhal_bsp.a(alt_find_dev.o)
 .bss           0x0000000001050e30        0x0 ../LCD_DMA_controller_bsp//libhal_bsp.a(alt_find_file.o)
 .bss           0x0000000001050e30        0x0 ../LCD_DMA_controller_bsp//libhal_bsp.a(alt_get_fd.o)
 .bss           0x0000000001050e30        0x0 ../LCD_DMA_controller_bsp//libhal_bsp.a(alt_icache_flush.o)
 .bss           0x0000000001050e30        0x0 /opt/intelFPGA_lite/18.1/nios2eds/bin/gnu/H-x86_64-pc-linux-gnu/bin/../lib/gcc/nios2-elf/5.3.0/../../../../../H-x86_64-pc-linux-gnu/nios2-elf/lib/libc.a(lib_a-atexit.o)
 .bss           0x0000000001050e30        0x0 /opt/intelFPGA_lite/18.1/nios2eds/bin/gnu/H-x86_64-pc-linux-gnu/bin/../lib/gcc/nios2-elf/5.3.0/../../../../../H-x86_64-pc-linux-gnu/nios2-elf/lib/libc.a(lib_a-exit.o)
 .bss           0x0000000001050e30        0x0 /opt/intelFPGA_lite/18.1/nios2eds/bin/gnu/H-x86_64-pc-linux-gnu/bin/../lib/gcc/nios2-elf/5.3.0/../../../../../H-x86_64-pc-linux-gnu/nios2-elf/lib/libc.a(lib_a-impure.o)
 .bss           0x0000000001050e30        0x0 /opt/intelFPGA_lite/18.1/nios2eds/bin/gnu/H-x86_64-pc-linux-gnu/bin/../lib/gcc/nios2-elf/5.3.0/../../../../../H-x86_64-pc-linux-gnu/nios2-elf/lib/libc.a(lib_a-int_errno.o)
 .bss           0x0000000001050e30        0x0 /opt/intelFPGA_lite/18.1/nios2eds/bin/gnu/H-x86_64-pc-linux-gnu/bin/../lib/gcc/nios2-elf/5.3.0/../../../../../H-x86_64-pc-linux-gnu/nios2-elf/lib/libc.a(lib_a-memcmp.o)
 .bss           0x0000000001050e30        0x0 /opt/intelFPGA_lite/18.1/nios2eds/bin/gnu/H-x86_64-pc-linux-gnu/bin/../lib/gcc/nios2-elf/5.3.0/../../../../../H-x86_64-pc-linux-gnu/nios2-elf/lib/libc.a(lib_a-memcpy.o)
 .bss           0x0000000001050e30        0x0 /opt/intelFPGA_lite/18.1/nios2eds/bin/gnu/H-x86_64-pc-linux-gnu/bin/../lib/gcc/nios2-elf/5.3.0/../../../../../H-x86_64-pc-linux-gnu/nios2-elf/lib/libc.a(lib_a-strlen.o)
 .bss           0x0000000001050e30        0x0 /opt/intelFPGA_lite/18.1/nios2eds/bin/gnu/H-x86_64-pc-linux-gnu/bin/../lib/gcc/nios2-elf/5.3.0/../../../../../H-x86_64-pc-linux-gnu/nios2-elf/lib/libc.a(lib_a-__atexit.o)
 .bss           0x0000000001050e30        0x0 /opt/intelFPGA_lite/18.1/nios2eds/bin/gnu/H-x86_64-pc-linux-gnu/bin/../lib/gcc/nios2-elf/5.3.0/../../../../../H-x86_64-pc-linux-gnu/nios2-elf/lib/libc.a(lib_a-__call_atexit.o)
 .bss           0x0000000001050e30        0x0 ../LCD_DMA_controller_bsp//libhal_bsp.a(alt_exit.o)
 *(COMMON)
 COMMON         0x0000000001050e30      0x100 ../LCD_DMA_controller_bsp//libhal_bsp.a(alt_irq_handler.o)
                0x0000000001050e30                alt_irq
                0x0000000001050f30                . = ALIGN (0x4)
                0x0000000001050f30                __bss_end = ABSOLUTE (.)

.SDRAM_controller
                0x0000000001050f30        0x0
                [!provide]                        PROVIDE (_alt_partition_SDRAM_controller_start, ABSOLUTE (.))
 *(.SDRAM_controller .SDRAM_controller. SDRAM_controller.*)
                0x0000000001050f30                . = ALIGN (0x4)
                [!provide]                        PROVIDE (_alt_partition_SDRAM_controller_end, ABSOLUTE (.))
                0x0000000001050f30                _end = ABSOLUTE (.)
                0x0000000001050f30                end = ABSOLUTE (.)
                0x0000000001050f30                __alt_stack_base = ABSOLUTE (.)
                [!provide]                        PROVIDE (_alt_partition_SDRAM_controller_load_addr, LOADADDR (.SDRAM_controller))

.stab
 *(.stab)

.stabstr
 *(.stabstr)

.stab.excl
 *(.stab.excl)

.stab.exclstr
 *(.stab.exclstr)

.stab.index
 *(.stab.index)

.stab.indexstr
 *(.stab.indexstr)

.comment        0x0000000000000000       0x23
 *(.comment)
 .comment       0x0000000000000000       0x23 obj/default/LCD_DMA.o
                                         0x24 (size before relaxing)
 .comment       0x0000000000000023       0x24 ../LCD_DMA_controller_bsp//libhal_bsp.a(alt_irq_handler.o)
 .comment       0x0000000000000023       0x24 ../LCD_DMA_controller_bsp//libhal_bsp.a(alt_irq_register.o)
 .comment       0x0000000000000023       0x24 ../LCD_DMA_controller_bsp//libhal_bsp.a(alt_irq_vars.o)
 .comment       0x0000000000000023       0x24 ../LCD_DMA_controller_bsp//libhal_bsp.a(alt_load.o)
 .comment       0x0000000000000023       0x24 ../LCD_DMA_controller_bsp//libhal_bsp.a(alt_main.o)
 .comment       0x0000000000000023       0x24 ../LCD_DMA_controller_bsp//libhal_bsp.a(alt_sys_init.o)
 .comment       0x0000000000000023       0x24 ../LCD_DMA_controller_bsp//libhal_bsp.a(altera_avalon_jtag_uart_fd.o)
 .comment       0x0000000000000023       0x24 ../LCD_DMA_controller_bsp//libhal_bsp.a(altera_avalon_jtag_uart_init.o)
 .comment       0x0000000000000023       0x24 ../LCD_DMA_controller_bsp//libhal_bsp.a(altera_avalon_jtag_uart_ioctl.o)
 .comment       0x0000000000000023       0x24 ../LCD_DMA_controller_bsp//libhal_bsp.a(altera_avalon_jtag_uart_read.o)
 .comment       0x0000000000000023       0x24 ../LCD_DMA_controller_bsp//libhal_bsp.a(altera_avalon_jtag_uart_write.o)
 .comment       0x0000000000000023       0x24 ../LCD_DMA_controller_bsp//libhal_bsp.a(altera_avalon_timer_sc.o)
 .comment       0x0000000000000023       0x24 ../LCD_DMA_controller_bsp//libhal_bsp.a(alt_alarm_start.o)
 .comment       0x0000000000000023       0x24 ../LCD_DMA_controller_bsp//libhal_bsp.a(alt_close.o)
 .comment       0x0000000000000023       0x24 ../LCD_DMA_controller_bsp//libhal_bsp.a(alt_dcache_flush_all.o)
 .comment       0x0000000000000023       0x24 ../LCD_DMA_controller_bsp//libhal_bsp.a(alt_dev.o)
 .comment       0x0000000000000023       0x24 ../LCD_DMA_controller_bsp//libhal_bsp.a(alt_dev_llist_insert.o)
 .comment       0x0000000000000023       0x24 ../LCD_DMA_controller_bsp//libhal_bsp.a(alt_do_ctors.o)
 .comment       0x0000000000000023       0x24 ../LCD_DMA_controller_bsp//libhal_bsp.a(alt_do_dtors.o)
 .comment       0x0000000000000023       0x24 ../LCD_DMA_controller_bsp//libhal_bsp.a(alt_errno.o)
 .comment       0x0000000000000023       0x24 ../LCD_DMA_controller_bsp//libhal_bsp.a(alt_icache_flush_all.o)
 .comment       0x0000000000000023       0x24 ../LCD_DMA_controller_bsp//libhal_bsp.a(alt_iic.o)
 .comment       0x0000000000000023       0x24 ../LCD_DMA_controller_bsp//libhal_bsp.a(alt_iic_isr_register.o)
 .comment       0x0000000000000023       0x24 ../LCD_DMA_controller_bsp//libhal_bsp.a(alt_instruction_exception_entry.o)
 .comment       0x0000000000000023       0x24 ../LCD_DMA_controller_bsp//libhal_bsp.a(alt_io_redirect.o)
 .comment       0x0000000000000023       0x24 ../LCD_DMA_controller_bsp//libhal_bsp.a(alt_open.o)
 .comment       0x0000000000000023       0x24 ../LCD_DMA_controller_bsp//libhal_bsp.a(alt_release_fd.o)
 .comment       0x0000000000000023       0x24 ../LCD_DMA_controller_bsp//libhal_bsp.a(alt_tick.o)
 .comment       0x0000000000000023       0x24 ../LCD_DMA_controller_bsp//libhal_bsp.a(altera_nios2_gen2_irq.o)
 .comment       0x0000000000000023       0x24 ../LCD_DMA_controller_bsp//libhal_bsp.a(alt_find_dev.o)
 .comment       0x0000000000000023       0x24 ../LCD_DMA_controller_bsp//libhal_bsp.a(alt_find_file.o)
 .comment       0x0000000000000023       0x24 ../LCD_DMA_controller_bsp//libhal_bsp.a(alt_get_fd.o)
 .comment       0x0000000000000023       0x24 ../LCD_DMA_controller_bsp//libhal_bsp.a(alt_icache_flush.o)
 .comment       0x0000000000000023       0x24 /opt/intelFPGA_lite/18.1/nios2eds/bin/gnu/H-x86_64-pc-linux-gnu/bin/../lib/gcc/nios2-elf/5.3.0/../../../../../H-x86_64-pc-linux-gnu/nios2-elf/lib/libc.a(lib_a-atexit.o)
 .comment       0x0000000000000023       0x24 /opt/intelFPGA_lite/18.1/nios2eds/bin/gnu/H-x86_64-pc-linux-gnu/bin/../lib/gcc/nios2-elf/5.3.0/../../../../../H-x86_64-pc-linux-gnu/nios2-elf/lib/libc.a(lib_a-exit.o)
 .comment       0x0000000000000023       0x24 /opt/intelFPGA_lite/18.1/nios2eds/bin/gnu/H-x86_64-pc-linux-gnu/bin/../lib/gcc/nios2-elf/5.3.0/../../../../../H-x86_64-pc-linux-gnu/nios2-elf/lib/libc.a(lib_a-impure.o)
 .comment       0x0000000000000023       0x24 /opt/intelFPGA_lite/18.1/nios2eds/bin/gnu/H-x86_64-pc-linux-gnu/bin/../lib/gcc/nios2-elf/5.3.0/../../../../../H-x86_64-pc-linux-gnu/nios2-elf/lib/libc.a(lib_a-int_errno.o)
 .comment       0x0000000000000023       0x24 /opt/intelFPGA_lite/18.1/nios2eds/bin/gnu/H-x86_64-pc-linux-gnu/bin/../lib/gcc/nios2-elf/5.3.0/../../../../../H-x86_64-pc-linux-gnu/nios2-elf/lib/libc.a(lib_a-memcmp.o)
 .comment       0x0000000000000023       0x24 /opt/intelFPGA_lite/18.1/nios2eds/bin/gnu/H-x86_64-pc-linux-gnu/bin/../lib/gcc/nios2-elf/5.3.0/../../../../../H-x86_64-pc-linux-gnu/nios2-elf/lib/libc.a(lib_a-memcpy.o)
 .comment       0x0000000000000023       0x24 /opt/intelFPGA_lite/18.1/nios2eds/bin/gnu/H-x86_64-pc-linux-gnu/bin/../lib/gcc/nios2-elf/5.3.0/../../../../../H-x86_64-pc-linux-gnu/nios2-elf/lib/libc.a(lib_a-strlen.o)
 .comment       0x0000000000000023       0x24 /opt/intelFPGA_lite/18.1/nios2eds/bin/gnu/H-x86_64-pc-linux-gnu/bin/../lib/gcc/nios2-elf/5.3.0/../../../../../H-x86_64-pc-linux-gnu/nios2-elf/lib/libc.a(lib_a-__atexit.o)
 .comment       0x0000000000000023       0x24 /opt/intelFPGA_lite/18.1/nios2eds/bin/gnu/H-x86_64-pc-linux-gnu/bin/../lib/gcc/nios2-elf/5.3.0/../../../../../H-x86_64-pc-linux-gnu/nios2-elf/lib/libc.a(lib_a-__call_atexit.o)
 .comment       0x0000000000000023       0x24 ../LCD_DMA_controller_bsp//libhal_bsp.a(alt_exit.o)

.debug
 *(.debug)

.line
 *(.line)

.debug_srcinfo
 *(.debug_srcinfo)

.debug_sfnames
 *(.debug_sfnames)

.debug_aranges  0x0000000000000000      0x5f8
 *(.debug_aranges)
 .debug_aranges
                0x0000000000000000       0x28 ../LCD_DMA_controller_bsp//obj/HAL/src/crt0.o
 .debug_aranges
                0x0000000000000028       0x20 obj/default/LCD_DMA.o
 .debug_aranges
                0x0000000000000048       0x30 ../LCD_DMA_controller_bsp//libhal_bsp.a(alt_irq_entry.o)
 .debug_aranges
                0x0000000000000078       0x20 ../LCD_DMA_controller_bsp//libhal_bsp.a(alt_irq_handler.o)
 .debug_aranges
                0x0000000000000098       0x20 ../LCD_DMA_controller_bsp//libhal_bsp.a(alt_irq_register.o)
 .debug_aranges
                0x00000000000000b8       0x18 ../LCD_DMA_controller_bsp//libhal_bsp.a(alt_irq_vars.o)
 .debug_aranges
                0x00000000000000d0       0x20 ../LCD_DMA_controller_bsp//libhal_bsp.a(alt_load.o)
 .debug_aranges
                0x00000000000000f0       0x20 ../LCD_DMA_controller_bsp//libhal_bsp.a(alt_main.o)
 .debug_aranges
                0x0000000000000110       0x20 ../LCD_DMA_controller_bsp//libhal_bsp.a(alt_sys_init.o)
 .debug_aranges
                0x0000000000000130       0x20 ../LCD_DMA_controller_bsp//libhal_bsp.a(altera_avalon_jtag_uart_fd.o)
 .debug_aranges
                0x0000000000000150       0x20 ../LCD_DMA_controller_bsp//libhal_bsp.a(altera_avalon_jtag_uart_init.o)
 .debug_aranges
                0x0000000000000170       0x20 ../LCD_DMA_controller_bsp//libhal_bsp.a(altera_avalon_jtag_uart_ioctl.o)
 .debug_aranges
                0x0000000000000190       0x20 ../LCD_DMA_controller_bsp//libhal_bsp.a(altera_avalon_jtag_uart_read.o)
 .debug_aranges
                0x00000000000001b0       0x20 ../LCD_DMA_controller_bsp//libhal_bsp.a(altera_avalon_jtag_uart_write.o)
 .debug_aranges
                0x00000000000001d0       0x20 ../LCD_DMA_controller_bsp//libhal_bsp.a(altera_avalon_timer_sc.o)
 .debug_aranges
                0x00000000000001f0       0x20 ../LCD_DMA_controller_bsp//libhal_bsp.a(alt_alarm_start.o)
 .debug_aranges
                0x0000000000000210       0x20 ../LCD_DMA_controller_bsp//libhal_bsp.a(alt_close.o)
 .debug_aranges
                0x0000000000000230       0x20 ../LCD_DMA_controller_bsp//libhal_bsp.a(alt_dcache_flush_all.o)
 .debug_aranges
                0x0000000000000250       0x20 ../LCD_DMA_controller_bsp//libhal_bsp.a(alt_dev.o)
 .debug_aranges
                0x0000000000000270       0x20 ../LCD_DMA_controller_bsp//libhal_bsp.a(alt_dev_llist_insert.o)
 .debug_aranges
                0x0000000000000290       0x20 ../LCD_DMA_controller_bsp//libhal_bsp.a(alt_do_ctors.o)
 .debug_aranges
                0x00000000000002b0       0x20 ../LCD_DMA_controller_bsp//libhal_bsp.a(alt_do_dtors.o)
 .debug_aranges
                0x00000000000002d0       0x18 ../LCD_DMA_controller_bsp//libhal_bsp.a(alt_errno.o)
 .debug_aranges
                0x00000000000002e8       0x38 ../LCD_DMA_controller_bsp//libhal_bsp.a(alt_exception_entry.o)
 .debug_aranges
                0x0000000000000320       0x20 ../LCD_DMA_controller_bsp//libhal_bsp.a(alt_icache_flush_all.o)
 .debug_aranges
                0x0000000000000340       0x20 ../LCD_DMA_controller_bsp//libhal_bsp.a(alt_iic.o)
 .debug_aranges
                0x0000000000000360       0x20 ../LCD_DMA_controller_bsp//libhal_bsp.a(alt_iic_isr_register.o)
 .debug_aranges
                0x0000000000000380       0x28 ../LCD_DMA_controller_bsp//libhal_bsp.a(alt_instruction_exception_entry.o)
 .debug_aranges
                0x00000000000003a8       0x20 ../LCD_DMA_controller_bsp//libhal_bsp.a(alt_io_redirect.o)
 .debug_aranges
                0x00000000000003c8       0x20 ../LCD_DMA_controller_bsp//libhal_bsp.a(alt_open.o)
 .debug_aranges
                0x00000000000003e8       0x20 ../LCD_DMA_controller_bsp//libhal_bsp.a(alt_release_fd.o)
 .debug_aranges
                0x0000000000000408       0x20 ../LCD_DMA_controller_bsp//libhal_bsp.a(alt_tick.o)
 .debug_aranges
                0x0000000000000428       0x20 ../LCD_DMA_controller_bsp//libhal_bsp.a(altera_nios2_gen2_irq.o)
 .debug_aranges
                0x0000000000000448       0x20 ../LCD_DMA_controller_bsp//libhal_bsp.a(alt_find_dev.o)
 .debug_aranges
                0x0000000000000468       0x20 ../LCD_DMA_controller_bsp//libhal_bsp.a(alt_find_file.o)
 .debug_aranges
                0x0000000000000488       0x20 ../LCD_DMA_controller_bsp//libhal_bsp.a(alt_get_fd.o)
 .debug_aranges
                0x00000000000004a8       0x20 ../LCD_DMA_controller_bsp//libhal_bsp.a(alt_icache_flush.o)
 .debug_aranges
                0x00000000000004c8       0x20 /opt/intelFPGA_lite/18.1/nios2eds/bin/gnu/H-x86_64-pc-linux-gnu/bin/../lib/gcc/nios2-elf/5.3.0/../../../../../H-x86_64-pc-linux-gnu/nios2-elf/lib/libc.a(lib_a-atexit.o)
 .debug_aranges
                0x00000000000004e8       0x20 /opt/intelFPGA_lite/18.1/nios2eds/bin/gnu/H-x86_64-pc-linux-gnu/bin/../lib/gcc/nios2-elf/5.3.0/../../../../../H-x86_64-pc-linux-gnu/nios2-elf/lib/libc.a(lib_a-exit.o)
 .debug_aranges
                0x0000000000000508       0x18 /opt/intelFPGA_lite/18.1/nios2eds/bin/gnu/H-x86_64-pc-linux-gnu/bin/../lib/gcc/nios2-elf/5.3.0/../../../../../H-x86_64-pc-linux-gnu/nios2-elf/lib/libc.a(lib_a-impure.o)
 .debug_aranges
                0x0000000000000520       0x18 /opt/intelFPGA_lite/18.1/nios2eds/bin/gnu/H-x86_64-pc-linux-gnu/bin/../lib/gcc/nios2-elf/5.3.0/../../../../../H-x86_64-pc-linux-gnu/nios2-elf/lib/libc.a(lib_a-int_errno.o)
 .debug_aranges
                0x0000000000000538       0x20 /opt/intelFPGA_lite/18.1/nios2eds/bin/gnu/H-x86_64-pc-linux-gnu/bin/../lib/gcc/nios2-elf/5.3.0/../../../../../H-x86_64-pc-linux-gnu/nios2-elf/lib/libc.a(lib_a-memcmp.o)
 .debug_aranges
                0x0000000000000558       0x20 /opt/intelFPGA_lite/18.1/nios2eds/bin/gnu/H-x86_64-pc-linux-gnu/bin/../lib/gcc/nios2-elf/5.3.0/../../../../../H-x86_64-pc-linux-gnu/nios2-elf/lib/libc.a(lib_a-memcpy.o)
 .debug_aranges
                0x0000000000000578       0x20 /opt/intelFPGA_lite/18.1/nios2eds/bin/gnu/H-x86_64-pc-linux-gnu/bin/../lib/gcc/nios2-elf/5.3.0/../../../../../H-x86_64-pc-linux-gnu/nios2-elf/lib/libc.a(lib_a-strlen.o)
 .debug_aranges
                0x0000000000000598       0x20 /opt/intelFPGA_lite/18.1/nios2eds/bin/gnu/H-x86_64-pc-linux-gnu/bin/../lib/gcc/nios2-elf/5.3.0/../../../../../H-x86_64-pc-linux-gnu/nios2-elf/lib/libc.a(lib_a-__atexit.o)
 .debug_aranges
                0x00000000000005b8       0x20 /opt/intelFPGA_lite/18.1/nios2eds/bin/gnu/H-x86_64-pc-linux-gnu/bin/../lib/gcc/nios2-elf/5.3.0/../../../../../H-x86_64-pc-linux-gnu/nios2-elf/lib/libc.a(lib_a-__call_atexit.o)
 .debug_aranges
                0x00000000000005d8       0x20 ../LCD_DMA_controller_bsp//libhal_bsp.a(alt_exit.o)

.debug_pubnames
 *(.debug_pubnames)

.debug_info     0x0000000000000000     0x7e3e
 *(.debug_info .gnu.linkonce.wi.*)
 .debug_info    0x0000000000000000       0x80 ../LCD_DMA_controller_bsp//obj/HAL/src/crt0.o
 .debug_info    0x0000000000000080      0x428 obj/default/LCD_DMA.o
 .debug_info    0x00000000000004a8       0x89 ../LCD_DMA_controller_bsp//libhal_bsp.a(alt_irq_entry.o)
 .debug_info    0x0000000000000531      0x187 ../LCD_DMA_controller_bsp//libhal_bsp.a(alt_irq_handler.o)
 .debug_info    0x00000000000006b8      0x324 ../LCD_DMA_controller_bsp//libhal_bsp.a(alt_irq_register.o)
 .debug_info    0x00000000000009dc       0x88 ../LCD_DMA_controller_bsp//libhal_bsp.a(alt_irq_vars.o)
 .debug_info    0x0000000000000a64      0x145 ../LCD_DMA_controller_bsp//libhal_bsp.a(alt_load.o)
 .debug_info    0x0000000000000ba9      0x131 ../LCD_DMA_controller_bsp//libhal_bsp.a(alt_main.o)
 .debug_info    0x0000000000000cda      0x4d9 ../LCD_DMA_controller_bsp//libhal_bsp.a(alt_sys_init.o)
 .debug_info    0x00000000000011b3      0x52e ../LCD_DMA_controller_bsp//libhal_bsp.a(altera_avalon_jtag_uart_fd.o)
 .debug_info    0x00000000000016e1      0x3a0 ../LCD_DMA_controller_bsp//libhal_bsp.a(altera_avalon_jtag_uart_init.o)
 .debug_info    0x0000000000001a81      0x280 ../LCD_DMA_controller_bsp//libhal_bsp.a(altera_avalon_jtag_uart_ioctl.o)
 .debug_info    0x0000000000001d01      0x345 ../LCD_DMA_controller_bsp//libhal_bsp.a(altera_avalon_jtag_uart_read.o)
 .debug_info    0x0000000000002046      0x340 ../LCD_DMA_controller_bsp//libhal_bsp.a(altera_avalon_jtag_uart_write.o)
 .debug_info    0x0000000000002386      0x226 ../LCD_DMA_controller_bsp//libhal_bsp.a(altera_avalon_timer_sc.o)
 .debug_info    0x00000000000025ac      0x2cc ../LCD_DMA_controller_bsp//libhal_bsp.a(alt_alarm_start.o)
 .debug_info    0x0000000000002878      0x321 ../LCD_DMA_controller_bsp//libhal_bsp.a(alt_close.o)
 .debug_info    0x0000000000002b99       0xa5 ../LCD_DMA_controller_bsp//libhal_bsp.a(alt_dcache_flush_all.o)
 .debug_info    0x0000000000002c3e      0x49c ../LCD_DMA_controller_bsp//libhal_bsp.a(alt_dev.o)
 .debug_info    0x00000000000030da      0x1a9 ../LCD_DMA_controller_bsp//libhal_bsp.a(alt_dev_llist_insert.o)
 .debug_info    0x0000000000003283       0x83 ../LCD_DMA_controller_bsp//libhal_bsp.a(alt_do_ctors.o)
 .debug_info    0x0000000000003306       0x83 ../LCD_DMA_controller_bsp//libhal_bsp.a(alt_do_dtors.o)
 .debug_info    0x0000000000003389       0xa6 ../LCD_DMA_controller_bsp//libhal_bsp.a(alt_errno.o)
 .debug_info    0x000000000000342f       0x8f ../LCD_DMA_controller_bsp//libhal_bsp.a(alt_exception_entry.o)
 .debug_info    0x00000000000034be       0x92 ../LCD_DMA_controller_bsp//libhal_bsp.a(alt_icache_flush_all.o)
 .debug_info    0x0000000000003550      0x350 ../LCD_DMA_controller_bsp//libhal_bsp.a(alt_iic.o)
 .debug_info    0x00000000000038a0      0x1ef ../LCD_DMA_controller_bsp//libhal_bsp.a(alt_iic_isr_register.o)
 .debug_info    0x0000000000003a8f      0x1e7 ../LCD_DMA_controller_bsp//libhal_bsp.a(alt_instruction_exception_entry.o)
 .debug_info    0x0000000000003c76      0x4a5 ../LCD_DMA_controller_bsp//libhal_bsp.a(alt_io_redirect.o)
 .debug_info    0x000000000000411b      0x3bb ../LCD_DMA_controller_bsp//libhal_bsp.a(alt_open.o)
 .debug_info    0x00000000000044d6      0x2b0 ../LCD_DMA_controller_bsp//libhal_bsp.a(alt_release_fd.o)
 .debug_info    0x0000000000004786      0x299 ../LCD_DMA_controller_bsp//libhal_bsp.a(alt_tick.o)
 .debug_info    0x0000000000004a1f       0x92 ../LCD_DMA_controller_bsp//libhal_bsp.a(altera_nios2_gen2_irq.o)
 .debug_info    0x0000000000004ab1      0x2e9 ../LCD_DMA_controller_bsp//libhal_bsp.a(alt_find_dev.o)
 .debug_info    0x0000000000004d9a      0x2e6 ../LCD_DMA_controller_bsp//libhal_bsp.a(alt_find_file.o)
 .debug_info    0x0000000000005080      0x310 ../LCD_DMA_controller_bsp//libhal_bsp.a(alt_get_fd.o)
 .debug_info    0x0000000000005390       0xdc ../LCD_DMA_controller_bsp//libhal_bsp.a(alt_icache_flush.o)
 .debug_info    0x000000000000546c       0xfe /opt/intelFPGA_lite/18.1/nios2eds/bin/gnu/H-x86_64-pc-linux-gnu/bin/../lib/gcc/nios2-elf/5.3.0/../../../../../H-x86_64-pc-linux-gnu/nios2-elf/lib/libc.a(lib_a-atexit.o)
 .debug_info    0x000000000000556a      0x8e4 /opt/intelFPGA_lite/18.1/nios2eds/bin/gnu/H-x86_64-pc-linux-gnu/bin/../lib/gcc/nios2-elf/5.3.0/../../../../../H-x86_64-pc-linux-gnu/nios2-elf/lib/libc.a(lib_a-exit.o)
 .debug_info    0x0000000000005e4e      0x8a1 /opt/intelFPGA_lite/18.1/nios2eds/bin/gnu/H-x86_64-pc-linux-gnu/bin/../lib/gcc/nios2-elf/5.3.0/../../../../../H-x86_64-pc-linux-gnu/nios2-elf/lib/libc.a(lib_a-impure.o)
 .debug_info    0x00000000000066ef       0x8a /opt/intelFPGA_lite/18.1/nios2eds/bin/gnu/H-x86_64-pc-linux-gnu/bin/../lib/gcc/nios2-elf/5.3.0/../../../../../H-x86_64-pc-linux-gnu/nios2-elf/lib/libc.a(lib_a-int_errno.o)
 .debug_info    0x0000000000006779      0x11a /opt/intelFPGA_lite/18.1/nios2eds/bin/gnu/H-x86_64-pc-linux-gnu/bin/../lib/gcc/nios2-elf/5.3.0/../../../../../H-x86_64-pc-linux-gnu/nios2-elf/lib/libc.a(lib_a-memcmp.o)
 .debug_info    0x0000000000006893      0x144 /opt/intelFPGA_lite/18.1/nios2eds/bin/gnu/H-x86_64-pc-linux-gnu/bin/../lib/gcc/nios2-elf/5.3.0/../../../../../H-x86_64-pc-linux-gnu/nios2-elf/lib/libc.a(lib_a-memcpy.o)
 .debug_info    0x00000000000069d7       0xe2 /opt/intelFPGA_lite/18.1/nios2eds/bin/gnu/H-x86_64-pc-linux-gnu/bin/../lib/gcc/nios2-elf/5.3.0/../../../../../H-x86_64-pc-linux-gnu/nios2-elf/lib/libc.a(lib_a-strlen.o)
 .debug_info    0x0000000000006ab9      0x934 /opt/intelFPGA_lite/18.1/nios2eds/bin/gnu/H-x86_64-pc-linux-gnu/bin/../lib/gcc/nios2-elf/5.3.0/../../../../../H-x86_64-pc-linux-gnu/nios2-elf/lib/libc.a(lib_a-__atexit.o)
 .debug_info    0x00000000000073ed      0x965 /opt/intelFPGA_lite/18.1/nios2eds/bin/gnu/H-x86_64-pc-linux-gnu/bin/../lib/gcc/nios2-elf/5.3.0/../../../../../H-x86_64-pc-linux-gnu/nios2-elf/lib/libc.a(lib_a-__call_atexit.o)
 .debug_info    0x0000000000007d52       0xec ../LCD_DMA_controller_bsp//libhal_bsp.a(alt_exit.o)

.debug_abbrev   0x0000000000000000     0x2d90
 *(.debug_abbrev)
 .debug_abbrev  0x0000000000000000       0x12 ../LCD_DMA_controller_bsp//obj/HAL/src/crt0.o
 .debug_abbrev  0x0000000000000012      0x1cc obj/default/LCD_DMA.o
 .debug_abbrev  0x00000000000001de       0x12 ../LCD_DMA_controller_bsp//libhal_bsp.a(alt_irq_entry.o)
 .debug_abbrev  0x00000000000001f0      0x122 ../LCD_DMA_controller_bsp//libhal_bsp.a(alt_irq_handler.o)
 .debug_abbrev  0x0000000000000312      0x186 ../LCD_DMA_controller_bsp//libhal_bsp.a(alt_irq_register.o)
 .debug_abbrev  0x0000000000000498       0x40 ../LCD_DMA_controller_bsp//libhal_bsp.a(alt_irq_vars.o)
 .debug_abbrev  0x00000000000004d8       0x9f ../LCD_DMA_controller_bsp//libhal_bsp.a(alt_load.o)
 .debug_abbrev  0x0000000000000577       0xba ../LCD_DMA_controller_bsp//libhal_bsp.a(alt_main.o)
 .debug_abbrev  0x0000000000000631      0x187 ../LCD_DMA_controller_bsp//libhal_bsp.a(alt_sys_init.o)
 .debug_abbrev  0x00000000000007b8      0x127 ../LCD_DMA_controller_bsp//libhal_bsp.a(altera_avalon_jtag_uart_fd.o)
 .debug_abbrev  0x00000000000008df      0x19e ../LCD_DMA_controller_bsp//libhal_bsp.a(altera_avalon_jtag_uart_init.o)
 .debug_abbrev  0x0000000000000a7d      0x111 ../LCD_DMA_controller_bsp//libhal_bsp.a(altera_avalon_jtag_uart_ioctl.o)
 .debug_abbrev  0x0000000000000b8e      0x1aa ../LCD_DMA_controller_bsp//libhal_bsp.a(altera_avalon_jtag_uart_read.o)
 .debug_abbrev  0x0000000000000d38      0x1a8 ../LCD_DMA_controller_bsp//libhal_bsp.a(altera_avalon_jtag_uart_write.o)
 .debug_abbrev  0x0000000000000ee0      0x155 ../LCD_DMA_controller_bsp//libhal_bsp.a(altera_avalon_timer_sc.o)
 .debug_abbrev  0x0000000000001035      0x162 ../LCD_DMA_controller_bsp//libhal_bsp.a(alt_alarm_start.o)
 .debug_abbrev  0x0000000000001197      0x11f ../LCD_DMA_controller_bsp//libhal_bsp.a(alt_close.o)
 .debug_abbrev  0x00000000000012b6       0x5a ../LCD_DMA_controller_bsp//libhal_bsp.a(alt_dcache_flush_all.o)
 .debug_abbrev  0x0000000000001310       0xd9 ../LCD_DMA_controller_bsp//libhal_bsp.a(alt_dev.o)
 .debug_abbrev  0x00000000000013e9      0x114 ../LCD_DMA_controller_bsp//libhal_bsp.a(alt_dev_llist_insert.o)
 .debug_abbrev  0x00000000000014fd       0x79 ../LCD_DMA_controller_bsp//libhal_bsp.a(alt_do_ctors.o)
 .debug_abbrev  0x0000000000001576       0x79 ../LCD_DMA_controller_bsp//libhal_bsp.a(alt_do_dtors.o)
 .debug_abbrev  0x00000000000015ef       0x5a ../LCD_DMA_controller_bsp//libhal_bsp.a(alt_errno.o)
 .debug_abbrev  0x0000000000001649       0x12 ../LCD_DMA_controller_bsp//libhal_bsp.a(alt_exception_entry.o)
 .debug_abbrev  0x000000000000165b       0x42 ../LCD_DMA_controller_bsp//libhal_bsp.a(alt_icache_flush_all.o)
 .debug_abbrev  0x000000000000169d      0x163 ../LCD_DMA_controller_bsp//libhal_bsp.a(alt_iic.o)
 .debug_abbrev  0x0000000000001800      0x169 ../LCD_DMA_controller_bsp//libhal_bsp.a(alt_iic_isr_register.o)
 .debug_abbrev  0x0000000000001969       0xdc ../LCD_DMA_controller_bsp//libhal_bsp.a(alt_instruction_exception_entry.o)
 .debug_abbrev  0x0000000000001a45      0x114 ../LCD_DMA_controller_bsp//libhal_bsp.a(alt_io_redirect.o)
 .debug_abbrev  0x0000000000001b59      0x148 ../LCD_DMA_controller_bsp//libhal_bsp.a(alt_open.o)
 .debug_abbrev  0x0000000000001ca1       0xde ../LCD_DMA_controller_bsp//libhal_bsp.a(alt_release_fd.o)
 .debug_abbrev  0x0000000000001d7f      0x15a ../LCD_DMA_controller_bsp//libhal_bsp.a(alt_tick.o)
 .debug_abbrev  0x0000000000001ed9       0x42 ../LCD_DMA_controller_bsp//libhal_bsp.a(altera_nios2_gen2_irq.o)
 .debug_abbrev  0x0000000000001f1b       0xf0 ../LCD_DMA_controller_bsp//libhal_bsp.a(alt_find_dev.o)
 .debug_abbrev  0x000000000000200b       0xf0 ../LCD_DMA_controller_bsp//libhal_bsp.a(alt_find_file.o)
 .debug_abbrev  0x00000000000020fb      0x10d ../LCD_DMA_controller_bsp//libhal_bsp.a(alt_get_fd.o)
 .debug_abbrev  0x0000000000002208       0x8c ../LCD_DMA_controller_bsp//libhal_bsp.a(alt_icache_flush.o)
 .debug_abbrev  0x0000000000002294       0xaa /opt/intelFPGA_lite/18.1/nios2eds/bin/gnu/H-x86_64-pc-linux-gnu/bin/../lib/gcc/nios2-elf/5.3.0/../../../../../H-x86_64-pc-linux-gnu/nios2-elf/lib/libc.a(lib_a-atexit.o)
 .debug_abbrev  0x000000000000233e      0x1e5 /opt/intelFPGA_lite/18.1/nios2eds/bin/gnu/H-x86_64-pc-linux-gnu/bin/../lib/gcc/nios2-elf/5.3.0/../../../../../H-x86_64-pc-linux-gnu/nios2-elf/lib/libc.a(lib_a-exit.o)
 .debug_abbrev  0x0000000000002523      0x18f /opt/intelFPGA_lite/18.1/nios2eds/bin/gnu/H-x86_64-pc-linux-gnu/bin/../lib/gcc/nios2-elf/5.3.0/../../../../../H-x86_64-pc-linux-gnu/nios2-elf/lib/libc.a(lib_a-impure.o)
 .debug_abbrev  0x00000000000026b2       0x37 /opt/intelFPGA_lite/18.1/nios2eds/bin/gnu/H-x86_64-pc-linux-gnu/bin/../lib/gcc/nios2-elf/5.3.0/../../../../../H-x86_64-pc-linux-gnu/nios2-elf/lib/libc.a(lib_a-int_errno.o)
 .debug_abbrev  0x00000000000026e9       0x7f /opt/intelFPGA_lite/18.1/nios2eds/bin/gnu/H-x86_64-pc-linux-gnu/bin/../lib/gcc/nios2-elf/5.3.0/../../../../../H-x86_64-pc-linux-gnu/nios2-elf/lib/libc.a(lib_a-memcmp.o)
 .debug_abbrev  0x0000000000002768       0xa3 /opt/intelFPGA_lite/18.1/nios2eds/bin/gnu/H-x86_64-pc-linux-gnu/bin/../lib/gcc/nios2-elf/5.3.0/../../../../../H-x86_64-pc-linux-gnu/nios2-elf/lib/libc.a(lib_a-memcpy.o)
 .debug_abbrev  0x000000000000280b       0x90 /opt/intelFPGA_lite/18.1/nios2eds/bin/gnu/H-x86_64-pc-linux-gnu/bin/../lib/gcc/nios2-elf/5.3.0/../../../../../H-x86_64-pc-linux-gnu/nios2-elf/lib/libc.a(lib_a-strlen.o)
 .debug_abbrev  0x000000000000289b      0x21e /opt/intelFPGA_lite/18.1/nios2eds/bin/gnu/H-x86_64-pc-linux-gnu/bin/../lib/gcc/nios2-elf/5.3.0/../../../../../H-x86_64-pc-linux-gnu/nios2-elf/lib/libc.a(lib_a-__atexit.o)
 .debug_abbrev  0x0000000000002ab9      0x22e /opt/intelFPGA_lite/18.1/nios2eds/bin/gnu/H-x86_64-pc-linux-gnu/bin/../lib/gcc/nios2-elf/5.3.0/../../../../../H-x86_64-pc-linux-gnu/nios2-elf/lib/libc.a(lib_a-__call_atexit.o)
 .debug_abbrev  0x0000000000002ce7       0xa9 ../LCD_DMA_controller_bsp//libhal_bsp.a(alt_exit.o)

.debug_line     0x0000000000000000     0x2dbe
 *(.debug_line)
 .debug_line    0x0000000000000000       0x72 ../LCD_DMA_controller_bsp//obj/HAL/src/crt0.o
 .debug_line    0x0000000000000072      0x22e obj/default/LCD_DMA.o
 .debug_line    0x00000000000002a0       0x6b ../LCD_DMA_controller_bsp//libhal_bsp.a(alt_irq_entry.o)
 .debug_line    0x000000000000030b       0xaa ../LCD_DMA_controller_bsp//libhal_bsp.a(alt_irq_handler.o)
 .debug_line    0x00000000000003b5      0x155 ../LCD_DMA_controller_bsp//libhal_bsp.a(alt_irq_register.o)
 .debug_line    0x000000000000050a       0x50 ../LCD_DMA_controller_bsp//libhal_bsp.a(alt_irq_vars.o)
 .debug_line    0x000000000000055a       0x8e ../LCD_DMA_controller_bsp//libhal_bsp.a(alt_load.o)
 .debug_line    0x00000000000005e8       0xa4 ../LCD_DMA_controller_bsp//libhal_bsp.a(alt_main.o)
 .debug_line    0x000000000000068c      0x152 ../LCD_DMA_controller_bsp//libhal_bsp.a(alt_sys_init.o)
 .debug_line    0x00000000000007de      0x12f ../LCD_DMA_controller_bsp//libhal_bsp.a(altera_avalon_jtag_uart_fd.o)
 .debug_line    0x000000000000090d      0x18b ../LCD_DMA_controller_bsp//libhal_bsp.a(altera_avalon_jtag_uart_init.o)
 .debug_line    0x0000000000000a98      0x131 ../LCD_DMA_controller_bsp//libhal_bsp.a(altera_avalon_jtag_uart_ioctl.o)
 .debug_line    0x0000000000000bc9      0x171 ../LCD_DMA_controller_bsp//libhal_bsp.a(altera_avalon_jtag_uart_read.o)
 .debug_line    0x0000000000000d3a      0x170 ../LCD_DMA_controller_bsp//libhal_bsp.a(altera_avalon_jtag_uart_write.o)
 .debug_line    0x0000000000000eaa       0xfd ../LCD_DMA_controller_bsp//libhal_bsp.a(altera_avalon_timer_sc.o)
 .debug_line    0x0000000000000fa7       0xf9 ../LCD_DMA_controller_bsp//libhal_bsp.a(alt_alarm_start.o)
 .debug_line    0x00000000000010a0      0x16c ../LCD_DMA_controller_bsp//libhal_bsp.a(alt_close.o)
 .debug_line    0x000000000000120c       0x61 ../LCD_DMA_controller_bsp//libhal_bsp.a(alt_dcache_flush_all.o)
 .debug_line    0x000000000000126d       0xff ../LCD_DMA_controller_bsp//libhal_bsp.a(alt_dev.o)
 .debug_line    0x000000000000136c       0xcf ../LCD_DMA_controller_bsp//libhal_bsp.a(alt_dev_llist_insert.o)
 .debug_line    0x000000000000143b       0x59 ../LCD_DMA_controller_bsp//libhal_bsp.a(alt_do_ctors.o)
 .debug_line    0x0000000000001494       0x59 ../LCD_DMA_controller_bsp//libhal_bsp.a(alt_do_dtors.o)
 .debug_line    0x00000000000014ed       0x51 ../LCD_DMA_controller_bsp//libhal_bsp.a(alt_errno.o)
 .debug_line    0x000000000000153e       0xb3 ../LCD_DMA_controller_bsp//libhal_bsp.a(alt_exception_entry.o)
 .debug_line    0x00000000000015f1       0x50 ../LCD_DMA_controller_bsp//libhal_bsp.a(alt_icache_flush_all.o)
 .debug_line    0x0000000000001641       0xeb ../LCD_DMA_controller_bsp//libhal_bsp.a(alt_iic.o)
 .debug_line    0x000000000000172c       0xdb ../LCD_DMA_controller_bsp//libhal_bsp.a(alt_iic_isr_register.o)
 .debug_line    0x0000000000001807       0xba ../LCD_DMA_controller_bsp//libhal_bsp.a(alt_instruction_exception_entry.o)
 .debug_line    0x00000000000018c1      0x13a ../LCD_DMA_controller_bsp//libhal_bsp.a(alt_io_redirect.o)
 .debug_line    0x00000000000019fb      0x128 ../LCD_DMA_controller_bsp//libhal_bsp.a(alt_open.o)
 .debug_line    0x0000000000001b23       0xae ../LCD_DMA_controller_bsp//libhal_bsp.a(alt_release_fd.o)
 .debug_line    0x0000000000001bd1       0xff ../LCD_DMA_controller_bsp//libhal_bsp.a(alt_tick.o)
 .debug_line    0x0000000000001cd0       0x51 ../LCD_DMA_controller_bsp//libhal_bsp.a(altera_nios2_gen2_irq.o)
 .debug_line    0x0000000000001d21       0xb5 ../LCD_DMA_controller_bsp//libhal_bsp.a(alt_find_dev.o)
 .debug_line    0x0000000000001dd6       0xd1 ../LCD_DMA_controller_bsp//libhal_bsp.a(alt_find_file.o)
 .debug_line    0x0000000000001ea7       0xd4 ../LCD_DMA_controller_bsp//libhal_bsp.a(alt_get_fd.o)
 .debug_line    0x0000000000001f7b       0x81 ../LCD_DMA_controller_bsp//libhal_bsp.a(alt_icache_flush.o)
 .debug_line    0x0000000000001ffc       0xe4 /opt/intelFPGA_lite/18.1/nios2eds/bin/gnu/H-x86_64-pc-linux-gnu/bin/../lib/gcc/nios2-elf/5.3.0/../../../../../H-x86_64-pc-linux-gnu/nios2-elf/lib/libc.a(lib_a-atexit.o)
 .debug_line    0x00000000000020e0      0x1f9 /opt/intelFPGA_lite/18.1/nios2eds/bin/gnu/H-x86_64-pc-linux-gnu/bin/../lib/gcc/nios2-elf/5.3.0/../../../../../H-x86_64-pc-linux-gnu/nios2-elf/lib/libc.a(lib_a-exit.o)
 .debug_line    0x00000000000022d9      0x15d /opt/intelFPGA_lite/18.1/nios2eds/bin/gnu/H-x86_64-pc-linux-gnu/bin/../lib/gcc/nios2-elf/5.3.0/../../../../../H-x86_64-pc-linux-gnu/nios2-elf/lib/libc.a(lib_a-impure.o)
 .debug_line    0x0000000000002436       0x5c /opt/intelFPGA_lite/18.1/nios2eds/bin/gnu/H-x86_64-pc-linux-gnu/bin/../lib/gcc/nios2-elf/5.3.0/../../../../../H-x86_64-pc-linux-gnu/nios2-elf/lib/libc.a(lib_a-int_errno.o)
 .debug_line    0x0000000000002492      0x173 /opt/intelFPGA_lite/18.1/nios2eds/bin/gnu/H-x86_64-pc-linux-gnu/bin/../lib/gcc/nios2-elf/5.3.0/../../../../../H-x86_64-pc-linux-gnu/nios2-elf/lib/libc.a(lib_a-memcmp.o)
 .debug_line    0x0000000000002605      0x189 /opt/intelFPGA_lite/18.1/nios2eds/bin/gnu/H-x86_64-pc-linux-gnu/bin/../lib/gcc/nios2-elf/5.3.0/../../../../../H-x86_64-pc-linux-gnu/nios2-elf/lib/libc.a(lib_a-memcpy.o)
 .debug_line    0x000000000000278e      0x16c /opt/intelFPGA_lite/18.1/nios2eds/bin/gnu/H-x86_64-pc-linux-gnu/bin/../lib/gcc/nios2-elf/5.3.0/../../../../../H-x86_64-pc-linux-gnu/nios2-elf/lib/libc.a(lib_a-strlen.o)
 .debug_line    0x00000000000028fa      0x21c /opt/intelFPGA_lite/18.1/nios2eds/bin/gnu/H-x86_64-pc-linux-gnu/bin/../lib/gcc/nios2-elf/5.3.0/../../../../../H-x86_64-pc-linux-gnu/nios2-elf/lib/libc.a(lib_a-__atexit.o)
 .debug_line    0x0000000000002b16      0x237 /opt/intelFPGA_lite/18.1/nios2eds/bin/gnu/H-x86_64-pc-linux-gnu/bin/../lib/gcc/nios2-elf/5.3.0/../../../../../H-x86_64-pc-linux-gnu/nios2-elf/lib/libc.a(lib_a-__call_atexit.o)
 .debug_line    0x0000000000002d4d       0x71 ../LCD_DMA_controller_bsp//libhal_bsp.a(alt_exit.o)

.debug_frame    0x0000000000000000      0xd00
 *(.debug_frame)
 .debug_frame   0x0000000000000000      0x1f8 obj/default/LCD_DMA.o
 .debug_frame   0x00000000000001f8       0x38 ../LCD_DMA_controller_bsp//libhal_bsp.a(alt_irq_handler.o)
 .debug_frame   0x0000000000000230       0x34 ../LCD_DMA_controller_bsp//libhal_bsp.a(alt_irq_register.o)
 .debug_frame   0x0000000000000264       0x5c ../LCD_DMA_controller_bsp//libhal_bsp.a(alt_load.o)
 .debug_frame   0x00000000000002c0       0x2c ../LCD_DMA_controller_bsp//libhal_bsp.a(alt_main.o)
 .debug_frame   0x00000000000002ec       0x88 ../LCD_DMA_controller_bsp//libhal_bsp.a(alt_sys_init.o)
 .debug_frame   0x0000000000000374       0xb0 ../LCD_DMA_controller_bsp//libhal_bsp.a(altera_avalon_jtag_uart_fd.o)
 .debug_frame   0x0000000000000424       0xa4 ../LCD_DMA_controller_bsp//libhal_bsp.a(altera_avalon_jtag_uart_init.o)
 .debug_frame   0x00000000000004c8       0x34 ../LCD_DMA_controller_bsp//libhal_bsp.a(altera_avalon_jtag_uart_ioctl.o)
 .debug_frame   0x00000000000004fc       0x38 ../LCD_DMA_controller_bsp//libhal_bsp.a(altera_avalon_jtag_uart_read.o)
 .debug_frame   0x0000000000000534       0x38 ../LCD_DMA_controller_bsp//libhal_bsp.a(altera_avalon_jtag_uart_write.o)
 .debug_frame   0x000000000000056c       0x60 ../LCD_DMA_controller_bsp//libhal_bsp.a(altera_avalon_timer_sc.o)
 .debug_frame   0x00000000000005cc       0x34 ../LCD_DMA_controller_bsp//libhal_bsp.a(alt_alarm_start.o)
 .debug_frame   0x0000000000000600       0x60 ../LCD_DMA_controller_bsp//libhal_bsp.a(alt_close.o)
 .debug_frame   0x0000000000000660       0x34 ../LCD_DMA_controller_bsp//libhal_bsp.a(alt_dcache_flush_all.o)
 .debug_frame   0x0000000000000694       0x34 ../LCD_DMA_controller_bsp//libhal_bsp.a(alt_dev.o)
 .debug_frame   0x00000000000006c8       0x60 ../LCD_DMA_controller_bsp//libhal_bsp.a(alt_dev_llist_insert.o)
 .debug_frame   0x0000000000000728       0x38 ../LCD_DMA_controller_bsp//libhal_bsp.a(alt_do_ctors.o)
 .debug_frame   0x0000000000000760       0x38 ../LCD_DMA_controller_bsp//libhal_bsp.a(alt_do_dtors.o)
 .debug_frame   0x0000000000000798       0x38 ../LCD_DMA_controller_bsp//libhal_bsp.a(alt_icache_flush_all.o)
 .debug_frame   0x00000000000007d0       0xa4 ../LCD_DMA_controller_bsp//libhal_bsp.a(alt_iic.o)
 .debug_frame   0x0000000000000874       0x38 ../LCD_DMA_controller_bsp//libhal_bsp.a(alt_iic_isr_register.o)
 .debug_frame   0x00000000000008ac       0x5c ../LCD_DMA_controller_bsp//libhal_bsp.a(alt_instruction_exception_entry.o)
 .debug_frame   0x0000000000000908       0x60 ../LCD_DMA_controller_bsp//libhal_bsp.a(alt_io_redirect.o)
 .debug_frame   0x0000000000000968       0x84 ../LCD_DMA_controller_bsp//libhal_bsp.a(alt_open.o)
 .debug_frame   0x00000000000009ec       0x34 ../LCD_DMA_controller_bsp//libhal_bsp.a(alt_release_fd.o)
 .debug_frame   0x0000000000000a20       0x5c ../LCD_DMA_controller_bsp//libhal_bsp.a(alt_tick.o)
 .debug_frame   0x0000000000000a7c       0x34 ../LCD_DMA_controller_bsp//libhal_bsp.a(altera_nios2_gen2_irq.o)
 .debug_frame   0x0000000000000ab0       0x38 ../LCD_DMA_controller_bsp//libhal_bsp.a(alt_find_dev.o)
 .debug_frame   0x0000000000000ae8       0x38 ../LCD_DMA_controller_bsp//libhal_bsp.a(alt_find_file.o)
 .debug_frame   0x0000000000000b20       0x34 ../LCD_DMA_controller_bsp//libhal_bsp.a(alt_get_fd.o)
 .debug_frame   0x0000000000000b54       0x34 ../LCD_DMA_controller_bsp//libhal_bsp.a(alt_icache_flush.o)
 .debug_frame   0x0000000000000b88       0x20 /opt/intelFPGA_lite/18.1/nios2eds/bin/gnu/H-x86_64-pc-linux-gnu/bin/../lib/gcc/nios2-elf/5.3.0/../../../../../H-x86_64-pc-linux-gnu/nios2-elf/lib/libc.a(lib_a-atexit.o)
 .debug_frame   0x0000000000000ba8       0x28 /opt/intelFPGA_lite/18.1/nios2eds/bin/gnu/H-x86_64-pc-linux-gnu/bin/../lib/gcc/nios2-elf/5.3.0/../../../../../H-x86_64-pc-linux-gnu/nios2-elf/lib/libc.a(lib_a-exit.o)
 .debug_frame   0x0000000000000bd0       0x20 /opt/intelFPGA_lite/18.1/nios2eds/bin/gnu/H-x86_64-pc-linux-gnu/bin/../lib/gcc/nios2-elf/5.3.0/../../../../../H-x86_64-pc-linux-gnu/nios2-elf/lib/libc.a(lib_a-memcmp.o)
 .debug_frame   0x0000000000000bf0       0x38 /opt/intelFPGA_lite/18.1/nios2eds/bin/gnu/H-x86_64-pc-linux-gnu/bin/../lib/gcc/nios2-elf/5.3.0/../../../../../H-x86_64-pc-linux-gnu/nios2-elf/lib/libc.a(lib_a-memcpy.o)
 .debug_frame   0x0000000000000c28       0x20 /opt/intelFPGA_lite/18.1/nios2eds/bin/gnu/H-x86_64-pc-linux-gnu/bin/../lib/gcc/nios2-elf/5.3.0/../../../../../H-x86_64-pc-linux-gnu/nios2-elf/lib/libc.a(lib_a-strlen.o)
 .debug_frame   0x0000000000000c48       0x38 /opt/intelFPGA_lite/18.1/nios2eds/bin/gnu/H-x86_64-pc-linux-gnu/bin/../lib/gcc/nios2-elf/5.3.0/../../../../../H-x86_64-pc-linux-gnu/nios2-elf/lib/libc.a(lib_a-__atexit.o)
 .debug_frame   0x0000000000000c80       0x54 /opt/intelFPGA_lite/18.1/nios2eds/bin/gnu/H-x86_64-pc-linux-gnu/bin/../lib/gcc/nios2-elf/5.3.0/../../../../../H-x86_64-pc-linux-gnu/nios2-elf/lib/libc.a(lib_a-__call_atexit.o)
 .debug_frame   0x0000000000000cd4       0x2c ../LCD_DMA_controller_bsp//libhal_bsp.a(alt_exit.o)

.debug_str      0x0000000000000000     0x1bdc
 *(.debug_str)
 .debug_str     0x0000000000000000      0x231 obj/default/LCD_DMA.o
                                        0x287 (size before relaxing)
 .debug_str     0x0000000000000231       0x9e ../LCD_DMA_controller_bsp//libhal_bsp.a(alt_irq_handler.o)
                                        0x1a6 (size before relaxing)
 .debug_str     0x00000000000002cf       0x99 ../LCD_DMA_controller_bsp//libhal_bsp.a(alt_irq_register.o)
                                        0x217 (size before relaxing)
 .debug_str     0x0000000000000368       0x17 ../LCD_DMA_controller_bsp//libhal_bsp.a(alt_irq_vars.o)
                                        0x149 (size before relaxing)
 .debug_str     0x000000000000037f       0xe9 ../LCD_DMA_controller_bsp//libhal_bsp.a(alt_load.o)
                                        0x221 (size before relaxing)
 .debug_str     0x0000000000000468       0x70 ../LCD_DMA_controller_bsp//libhal_bsp.a(alt_main.o)
                                        0x1ac (size before relaxing)
 .debug_str     0x00000000000004d8      0x1d1 ../LCD_DMA_controller_bsp//libhal_bsp.a(alt_sys_init.o)
                                        0x39d (size before relaxing)
 .debug_str     0x00000000000006a9       0xb9 ../LCD_DMA_controller_bsp//libhal_bsp.a(altera_avalon_jtag_uart_fd.o)
                                        0x3b3 (size before relaxing)
 .debug_str     0x0000000000000762       0xd1 ../LCD_DMA_controller_bsp//libhal_bsp.a(altera_avalon_jtag_uart_init.o)
                                        0x347 (size before relaxing)
 .debug_str     0x0000000000000833       0x4a ../LCD_DMA_controller_bsp//libhal_bsp.a(altera_avalon_jtag_uart_ioctl.o)
                                        0x2a2 (size before relaxing)
 .debug_str     0x000000000000087d       0x48 ../LCD_DMA_controller_bsp//libhal_bsp.a(altera_avalon_jtag_uart_read.o)
                                        0x2f7 (size before relaxing)
 .debug_str     0x00000000000008c5       0x4a ../LCD_DMA_controller_bsp//libhal_bsp.a(altera_avalon_jtag_uart_write.o)
                                        0x2f8 (size before relaxing)
 .debug_str     0x000000000000090f       0x6d ../LCD_DMA_controller_bsp//libhal_bsp.a(altera_avalon_timer_sc.o)
                                        0x25a (size before relaxing)
 .debug_str     0x000000000000097c       0x59 ../LCD_DMA_controller_bsp//libhal_bsp.a(alt_alarm_start.o)
                                        0x28d (size before relaxing)
 .debug_str     0x00000000000009d5       0x44 ../LCD_DMA_controller_bsp//libhal_bsp.a(alt_close.o)
                                        0x21a (size before relaxing)
 .debug_str     0x0000000000000a19       0x34 ../LCD_DMA_controller_bsp//libhal_bsp.a(alt_dcache_flush_all.o)
                                        0x164 (size before relaxing)
 .debug_str     0x0000000000000a4d      0x120 ../LCD_DMA_controller_bsp//libhal_bsp.a(alt_dev.o)
                                        0x314 (size before relaxing)
 .debug_str     0x0000000000000b6d       0x34 ../LCD_DMA_controller_bsp//libhal_bsp.a(alt_dev_llist_insert.o)
                                        0x1db (size before relaxing)
 .debug_str     0x0000000000000ba1       0x48 ../LCD_DMA_controller_bsp//libhal_bsp.a(alt_do_ctors.o)
                                         0xdf (size before relaxing)
 .debug_str     0x0000000000000be9       0x4c ../LCD_DMA_controller_bsp//libhal_bsp.a(alt_do_dtors.o)
                                         0xde (size before relaxing)
 .debug_str     0x0000000000000c35       0x14 ../LCD_DMA_controller_bsp//libhal_bsp.a(alt_errno.o)
                                        0x154 (size before relaxing)
 .debug_str     0x0000000000000c49       0x34 ../LCD_DMA_controller_bsp//libhal_bsp.a(alt_icache_flush_all.o)
                                        0x164 (size before relaxing)
 .debug_str     0x0000000000000c7d       0x70 ../LCD_DMA_controller_bsp//libhal_bsp.a(alt_iic.o)
                                        0x24d (size before relaxing)
 .debug_str     0x0000000000000ced       0x34 ../LCD_DMA_controller_bsp//libhal_bsp.a(alt_iic_isr_register.o)
                                        0x1f7 (size before relaxing)
 .debug_str     0x0000000000000d21      0x48b ../LCD_DMA_controller_bsp//libhal_bsp.a(alt_instruction_exception_entry.o)
                                        0x5af (size before relaxing)
 .debug_str     0x00000000000011ac       0x56 ../LCD_DMA_controller_bsp//libhal_bsp.a(alt_io_redirect.o)
                                        0x325 (size before relaxing)
 .debug_str     0x0000000000001202       0x2f ../LCD_DMA_controller_bsp//libhal_bsp.a(alt_open.o)
                                        0x25a (size before relaxing)
 .debug_str     0x0000000000001231       0x28 ../LCD_DMA_controller_bsp//libhal_bsp.a(alt_release_fd.o)
                                        0x1e2 (size before relaxing)
 .debug_str     0x0000000000001259       0x4a ../LCD_DMA_controller_bsp//libhal_bsp.a(alt_tick.o)
                                        0x261 (size before relaxing)
 .debug_str     0x00000000000012a3       0x3b ../LCD_DMA_controller_bsp//libhal_bsp.a(altera_nios2_gen2_irq.o)
                                        0x16b (size before relaxing)
 .debug_str     0x00000000000012de       0x24 ../LCD_DMA_controller_bsp//libhal_bsp.a(alt_find_dev.o)
                                        0x1fb (size before relaxing)
 .debug_str     0x0000000000001302       0x26 ../LCD_DMA_controller_bsp//libhal_bsp.a(alt_find_file.o)
                                        0x209 (size before relaxing)
 .debug_str     0x0000000000001328       0x30 ../LCD_DMA_controller_bsp//libhal_bsp.a(alt_get_fd.o)
                                        0x22b (size before relaxing)
 .debug_str     0x0000000000001358       0x2c ../LCD_DMA_controller_bsp//libhal_bsp.a(alt_icache_flush.o)
                                        0x16a (size before relaxing)
 .debug_str     0x0000000000001384      0x163 /opt/intelFPGA_lite/18.1/nios2eds/bin/gnu/H-x86_64-pc-linux-gnu/bin/../lib/gcc/nios2-elf/5.3.0/../../../../../H-x86_64-pc-linux-gnu/nios2-elf/lib/libc.a(lib_a-atexit.o)
                                        0x208 (size before relaxing)
 .debug_str     0x00000000000014e7      0x3ac /opt/intelFPGA_lite/18.1/nios2eds/bin/gnu/H-x86_64-pc-linux-gnu/bin/../lib/gcc/nios2-elf/5.3.0/../../../../../H-x86_64-pc-linux-gnu/nios2-elf/lib/libc.a(lib_a-exit.o)
                                        0x5a5 (size before relaxing)
 .debug_str     0x0000000000001893       0xc9 /opt/intelFPGA_lite/18.1/nios2eds/bin/gnu/H-x86_64-pc-linux-gnu/bin/../lib/gcc/nios2-elf/5.3.0/../../../../../H-x86_64-pc-linux-gnu/nios2-elf/lib/libc.a(lib_a-impure.o)
                                        0x59c (size before relaxing)
 .debug_str     0x000000000000195c       0x3c /opt/intelFPGA_lite/18.1/nios2eds/bin/gnu/H-x86_64-pc-linux-gnu/bin/../lib/gcc/nios2-elf/5.3.0/../../../../../H-x86_64-pc-linux-gnu/nios2-elf/lib/libc.a(lib_a-int_errno.o)
                                        0x1c4 (size before relaxing)
 .debug_str     0x0000000000001998       0xc6 /opt/intelFPGA_lite/18.1/nios2eds/bin/gnu/H-x86_64-pc-linux-gnu/bin/../lib/gcc/nios2-elf/5.3.0/../../../../../H-x86_64-pc-linux-gnu/nios2-elf/lib/libc.a(lib_a-memcmp.o)
                                        0x1cb (size before relaxing)
 .debug_str     0x0000000000001a5e       0x68 /opt/intelFPGA_lite/18.1/nios2eds/bin/gnu/H-x86_64-pc-linux-gnu/bin/../lib/gcc/nios2-elf/5.3.0/../../../../../H-x86_64-pc-linux-gnu/nios2-elf/lib/libc.a(lib_a-memcpy.o)
                                        0x1f2 (size before relaxing)
 .debug_str     0x0000000000001ac6       0x4e /opt/intelFPGA_lite/18.1/nios2eds/bin/gnu/H-x86_64-pc-linux-gnu/bin/../lib/gcc/nios2-elf/5.3.0/../../../../../H-x86_64-pc-linux-gnu/nios2-elf/lib/libc.a(lib_a-strlen.o)
                                        0x1de (size before relaxing)
 .debug_str     0x0000000000001b14       0x3c /opt/intelFPGA_lite/18.1/nios2eds/bin/gnu/H-x86_64-pc-linux-gnu/bin/../lib/gcc/nios2-elf/5.3.0/../../../../../H-x86_64-pc-linux-gnu/nios2-elf/lib/libc.a(lib_a-__atexit.o)
                                        0x5dd (size before relaxing)
 .debug_str     0x0000000000001b50       0x62 /opt/intelFPGA_lite/18.1/nios2eds/bin/gnu/H-x86_64-pc-linux-gnu/bin/../lib/gcc/nios2-elf/5.3.0/../../../../../H-x86_64-pc-linux-gnu/nios2-elf/lib/libc.a(lib_a-__call_atexit.o)
                                        0x5c9 (size before relaxing)
 .debug_str     0x0000000000001bb2       0x2a ../LCD_DMA_controller_bsp//libhal_bsp.a(alt_exit.o)
                                        0x160 (size before relaxing)

.debug_loc      0x0000000000000000      0x770
 *(.debug_loc)
 .debug_loc     0x0000000000000000       0x2c /opt/intelFPGA_lite/18.1/nios2eds/bin/gnu/H-x86_64-pc-linux-gnu/bin/../lib/gcc/nios2-elf/5.3.0/../../../../../H-x86_64-pc-linux-gnu/nios2-elf/lib/libc.a(lib_a-atexit.o)
 .debug_loc     0x000000000000002c       0x1e /opt/intelFPGA_lite/18.1/nios2eds/bin/gnu/H-x86_64-pc-linux-gnu/bin/../lib/gcc/nios2-elf/5.3.0/../../../../../H-x86_64-pc-linux-gnu/nios2-elf/lib/libc.a(lib_a-exit.o)
 .debug_loc     0x000000000000004a      0x126 /opt/intelFPGA_lite/18.1/nios2eds/bin/gnu/H-x86_64-pc-linux-gnu/bin/../lib/gcc/nios2-elf/5.3.0/../../../../../H-x86_64-pc-linux-gnu/nios2-elf/lib/libc.a(lib_a-memcmp.o)
 .debug_loc     0x0000000000000170      0x266 /opt/intelFPGA_lite/18.1/nios2eds/bin/gnu/H-x86_64-pc-linux-gnu/bin/../lib/gcc/nios2-elf/5.3.0/../../../../../H-x86_64-pc-linux-gnu/nios2-elf/lib/libc.a(lib_a-memcpy.o)
 .debug_loc     0x00000000000003d6       0x47 /opt/intelFPGA_lite/18.1/nios2eds/bin/gnu/H-x86_64-pc-linux-gnu/bin/../lib/gcc/nios2-elf/5.3.0/../../../../../H-x86_64-pc-linux-gnu/nios2-elf/lib/libc.a(lib_a-strlen.o)
 .debug_loc     0x000000000000041d      0x185 /opt/intelFPGA_lite/18.1/nios2eds/bin/gnu/H-x86_64-pc-linux-gnu/bin/../lib/gcc/nios2-elf/5.3.0/../../../../../H-x86_64-pc-linux-gnu/nios2-elf/lib/libc.a(lib_a-__atexit.o)
 .debug_loc     0x00000000000005a2      0x1ce /opt/intelFPGA_lite/18.1/nios2eds/bin/gnu/H-x86_64-pc-linux-gnu/bin/../lib/gcc/nios2-elf/5.3.0/../../../../../H-x86_64-pc-linux-gnu/nios2-elf/lib/libc.a(lib_a-__call_atexit.o)

.debug_macinfo
 *(.debug_macinfo)

.debug_weaknames
 *(.debug_weaknames)

.debug_funcnames
 *(.debug_funcnames)

.debug_typenames
 *(.debug_typenames)

.debug_varnames
 *(.debug_varnames)

.debug_alt_sim_info
                0x0000000000000000       0x30
 *(.debug_alt_sim_info)
 .debug_alt_sim_info
                0x0000000000000000       0x30 ../LCD_DMA_controller_bsp//obj/HAL/src/crt0.o
                0x0000000002000000                __alt_data_end = 0x2000000
                0x0000000002000000                PROVIDE (__alt_stack_pointer, __alt_data_end)
                [!provide]                        PROVIDE (__alt_stack_limit, __alt_stack_base)
                [!provide]                        PROVIDE (__alt_heap_start, end)
                [!provide]                        PROVIDE (__alt_heap_limit, 0x2000000)
OUTPUT(LCD_DMA_controller.elf elf32-littlenios2)

.debug_ranges   0x0000000000000000      0x178
 .debug_ranges  0x0000000000000000       0x20 ../LCD_DMA_controller_bsp//obj/HAL/src/crt0.o
 .debug_ranges  0x0000000000000020       0x28 ../LCD_DMA_controller_bsp//libhal_bsp.a(alt_irq_entry.o)
 .debug_ranges  0x0000000000000048       0x10 ../LCD_DMA_controller_bsp//libhal_bsp.a(alt_irq_handler.o)
 .debug_ranges  0x0000000000000058       0x30 ../LCD_DMA_controller_bsp//libhal_bsp.a(altera_avalon_jtag_uart_init.o)
 .debug_ranges  0x0000000000000088       0x18 ../LCD_DMA_controller_bsp//libhal_bsp.a(altera_avalon_jtag_uart_read.o)
 .debug_ranges  0x00000000000000a0       0x30 ../LCD_DMA_controller_bsp//libhal_bsp.a(alt_exception_entry.o)
 .debug_ranges  0x00000000000000d0       0x18 ../LCD_DMA_controller_bsp//libhal_bsp.a(alt_instruction_exception_entry.o)
 .debug_ranges  0x00000000000000e8       0x10 /opt/intelFPGA_lite/18.1/nios2eds/bin/gnu/H-x86_64-pc-linux-gnu/bin/../lib/gcc/nios2-elf/5.3.0/../../../../../H-x86_64-pc-linux-gnu/nios2-elf/lib/libc.a(lib_a-atexit.o)
 .debug_ranges  0x00000000000000f8       0x10 /opt/intelFPGA_lite/18.1/nios2eds/bin/gnu/H-x86_64-pc-linux-gnu/bin/../lib/gcc/nios2-elf/5.3.0/../../../../../H-x86_64-pc-linux-gnu/nios2-elf/lib/libc.a(lib_a-exit.o)
 .debug_ranges  0x0000000000000108       0x10 /opt/intelFPGA_lite/18.1/nios2eds/bin/gnu/H-x86_64-pc-linux-gnu/bin/../lib/gcc/nios2-elf/5.3.0/../../../../../H-x86_64-pc-linux-gnu/nios2-elf/lib/libc.a(lib_a-memcmp.o)
 .debug_ranges  0x0000000000000118       0x10 /opt/intelFPGA_lite/18.1/nios2eds/bin/gnu/H-x86_64-pc-linux-gnu/bin/../lib/gcc/nios2-elf/5.3.0/../../../../../H-x86_64-pc-linux-gnu/nios2-elf/lib/libc.a(lib_a-memcpy.o)
 .debug_ranges  0x0000000000000128       0x10 /opt/intelFPGA_lite/18.1/nios2eds/bin/gnu/H-x86_64-pc-linux-gnu/bin/../lib/gcc/nios2-elf/5.3.0/../../../../../H-x86_64-pc-linux-gnu/nios2-elf/lib/libc.a(lib_a-strlen.o)
 .debug_ranges  0x0000000000000138       0x10 /opt/intelFPGA_lite/18.1/nios2eds/bin/gnu/H-x86_64-pc-linux-gnu/bin/../lib/gcc/nios2-elf/5.3.0/../../../../../H-x86_64-pc-linux-gnu/nios2-elf/lib/libc.a(lib_a-__atexit.o)
 .debug_ranges  0x0000000000000148       0x30 /opt/intelFPGA_lite/18.1/nios2eds/bin/gnu/H-x86_64-pc-linux-gnu/bin/../lib/gcc/nios2-elf/5.3.0/../../../../../H-x86_64-pc-linux-gnu/nios2-elf/lib/libc.a(lib_a-__call_atexit.o)
